<!doctype html public "-//w3c//dtd html 4.0 transitional//en">
<html><head>
<title>Static Call Graph - [.\Objects\HK32F030M_Demo.axf]</title></head>
<body><HR>
<H1>Static Call Graph for image .\Objects\HK32F030M_Demo.axf</H1><HR>
<BR><P>#&#060CALLGRAPH&#062# ARM Linker, 5060750: Last Updated: Sun Feb 20 00:42:51 2022
<BR><P>
<H3>Maximum Stack Usage =         52 bytes + Unknown(Cycles, Untraceable Function Pointers)</H3><H3>
Call chain for Maximum Stack Depth:</H3>
SystemInit &rArr; SetSysClock &rArr; SetSysClockToHSI_32M
<P>
<H3>
Mutually Recursive functions
</H3> <LI><a href="#[11]">ADC1_IRQHandler</a>&nbsp;&nbsp;&nbsp;&rArr;&nbsp;&nbsp;&nbsp;<a href="#[11]">ADC1_IRQHandler</a><BR>
</UL>
<P>
<H3>
Function Pointers
</H3><UL>
 <LI><a href="#[11]">ADC1_IRQHandler</a> from keil_startup_hk32f030m.o(.text) referenced from keil_startup_hk32f030m.o(RESET)
 <LI><a href="#[a]">EXTI0_IRQHandler</a> from keil_startup_hk32f030m.o(.text) referenced from keil_startup_hk32f030m.o(RESET)
 <LI><a href="#[7]">EXTI11_IRQHandler</a> from keil_startup_hk32f030m.o(.text) referenced from keil_startup_hk32f030m.o(RESET)
 <LI><a href="#[b]">EXTI1_IRQHandler</a> from keil_startup_hk32f030m.o(.text) referenced from keil_startup_hk32f030m.o(RESET)
 <LI><a href="#[c]">EXTI2_IRQHandler</a> from keil_startup_hk32f030m.o(.text) referenced from keil_startup_hk32f030m.o(RESET)
 <LI><a href="#[d]">EXTI3_IRQHandler</a> from keil_startup_hk32f030m.o(.text) referenced from keil_startup_hk32f030m.o(RESET)
 <LI><a href="#[e]">EXTI4_IRQHandler</a> from keil_startup_hk32f030m.o(.text) referenced from keil_startup_hk32f030m.o(RESET)
 <LI><a href="#[f]">EXTI5_IRQHandler</a> from keil_startup_hk32f030m.o(.text) referenced from keil_startup_hk32f030m.o(RESET)
 <LI><a href="#[16]">EXTI6_IRQHandler</a> from keil_startup_hk32f030m.o(.text) referenced from keil_startup_hk32f030m.o(RESET)
 <LI><a href="#[17]">EXTI7_IRQHandler</a> from keil_startup_hk32f030m.o(.text) referenced from keil_startup_hk32f030m.o(RESET)
 <LI><a href="#[8]">FLASH_IRQHandler</a> from keil_startup_hk32f030m.o(.text) referenced from keil_startup_hk32f030m.o(RESET)
 <LI><a href="#[2]">HardFault_Handler</a> from hk32f030m_it.o(i.HardFault_Handler) referenced from keil_startup_hk32f030m.o(RESET)
 <LI><a href="#[18]">I2C1_IRQHandler</a> from keil_startup_hk32f030m.o(.text) referenced from keil_startup_hk32f030m.o(RESET)
 <LI><a href="#[1]">NMI_Handler</a> from hk32f030m_it.o(i.NMI_Handler) referenced from keil_startup_hk32f030m.o(RESET)
 <LI><a href="#[4]">PendSV_Handler</a> from hk32f030m_it.o(i.PendSV_Handler) referenced from keil_startup_hk32f030m.o(RESET)
 <LI><a href="#[9]">RCC_IRQHandler</a> from keil_startup_hk32f030m.o(.text) referenced from keil_startup_hk32f030m.o(RESET)
 <LI><a href="#[0]">Reset_Handler</a> from keil_startup_hk32f030m.o(.text) referenced from keil_startup_hk32f030m.o(RESET)
 <LI><a href="#[19]">SPI1_IRQHandler</a> from keil_startup_hk32f030m.o(.text) referenced from keil_startup_hk32f030m.o(RESET)
 <LI><a href="#[3]">SVC_Handler</a> from hk32f030m_it.o(i.SVC_Handler) referenced from keil_startup_hk32f030m.o(RESET)
 <LI><a href="#[5]">SysTick_Handler</a> from hk32f030m_it.o(i.SysTick_Handler) referenced from keil_startup_hk32f030m.o(RESET)
 <LI><a href="#[1c]">SystemInit</a> from system_hk32f030m.o(i.SystemInit) referenced from keil_startup_hk32f030m.o(.text)
 <LI><a href="#[10]">TIM1_BRK_IRQHandler</a> from keil_startup_hk32f030m.o(.text) referenced from keil_startup_hk32f030m.o(RESET)
 <LI><a href="#[13]">TIM1_CC_IRQHandler</a> from keil_startup_hk32f030m.o(.text) referenced from keil_startup_hk32f030m.o(RESET)
 <LI><a href="#[12]">TIM1_UP_TRG_COM_IRQHandler</a> from keil_startup_hk32f030m.o(.text) referenced from keil_startup_hk32f030m.o(RESET)
 <LI><a href="#[14]">TIM2_IRQHandler</a> from keil_startup_hk32f030m.o(.text) referenced from keil_startup_hk32f030m.o(RESET)
 <LI><a href="#[15]">TIM6_IRQHandler</a> from keil_startup_hk32f030m.o(.text) referenced from keil_startup_hk32f030m.o(RESET)
 <LI><a href="#[1a]">USART1_IRQHandler</a> from keil_startup_hk32f030m.o(.text) referenced from keil_startup_hk32f030m.o(RESET)
 <LI><a href="#[6]">WWDG_IRQHandler</a> from keil_startup_hk32f030m.o(.text) referenced from keil_startup_hk32f030m.o(RESET)
 <LI><a href="#[1d]">__main</a> from entry.o(.ARM.Collect$$$$00000000) referenced from keil_startup_hk32f030m.o(.text)
 <LI><a href="#[1b]">main</a> from main.o(i.main) referenced from entry9a.o(.ARM.Collect$$$$0000000B)
</UL>
<P>
<H3>
Global Symbols
</H3>
<P><STRONG><a name="[1d]"></a>__main</STRONG> (Thumb, 0 bytes, Stack size unknown bytes, entry.o(.ARM.Collect$$$$00000000))
<BR>[Address Reference Count : 1]<UL><LI> keil_startup_hk32f030m.o(.text)
</UL>
<P><STRONG><a name="[2c]"></a>_main_stk</STRONG> (Thumb, 0 bytes, Stack size unknown bytes, entry2.o(.ARM.Collect$$$$00000001))

<P><STRONG><a name="[1e]"></a>_main_scatterload</STRONG> (Thumb, 0 bytes, Stack size unknown bytes, entry5.o(.ARM.Collect$$$$00000004))
<BR><BR>[Calls]<UL><LI><a href="#[1f]">&gt;&gt;</a>&nbsp;&nbsp;&nbsp;__scatterload
</UL>

<P><STRONG><a name="[20]"></a>__main_after_scatterload</STRONG> (Thumb, 0 bytes, Stack size unknown bytes, entry5.o(.ARM.Collect$$$$00000004))
<BR><BR>[Called By]<UL><LI><a href="#[1f]">&gt;&gt;</a>&nbsp;&nbsp;&nbsp;__scatterload
</UL>

<P><STRONG><a name="[2d]"></a>_main_clock</STRONG> (Thumb, 0 bytes, Stack size unknown bytes, entry7b.o(.ARM.Collect$$$$00000008))

<P><STRONG><a name="[2e]"></a>_main_cpp_init</STRONG> (Thumb, 0 bytes, Stack size unknown bytes, entry8b.o(.ARM.Collect$$$$0000000A))

<P><STRONG><a name="[2f]"></a>_main_init</STRONG> (Thumb, 0 bytes, Stack size unknown bytes, entry9a.o(.ARM.Collect$$$$0000000B))

<P><STRONG><a name="[30]"></a>__rt_final_cpp</STRONG> (Thumb, 0 bytes, Stack size unknown bytes, entry10a.o(.ARM.Collect$$$$0000000D))

<P><STRONG><a name="[31]"></a>__rt_final_exit</STRONG> (Thumb, 0 bytes, Stack size unknown bytes, entry11a.o(.ARM.Collect$$$$0000000F))

<P><STRONG><a name="[0]"></a>Reset_Handler</STRONG> (Thumb, 8 bytes, Stack size 0 bytes, keil_startup_hk32f030m.o(.text))
<BR>[Address Reference Count : 1]<UL><LI> keil_startup_hk32f030m.o(RESET)
</UL>
<P><STRONG><a name="[11]"></a>ADC1_IRQHandler</STRONG> (Thumb, 0 bytes, Stack size 0 bytes, keil_startup_hk32f030m.o(.text))
<BR><BR>[Calls]<UL><LI><a href="#[11]">&gt;&gt;</a>&nbsp;&nbsp;&nbsp;ADC1_IRQHandler
</UL>
<BR>[Called By]<UL><LI><a href="#[11]">&gt;&gt;</a>&nbsp;&nbsp;&nbsp;ADC1_IRQHandler
</UL>
<BR>[Address Reference Count : 1]<UL><LI> keil_startup_hk32f030m.o(RESET)
</UL>
<P><STRONG><a name="[a]"></a>EXTI0_IRQHandler</STRONG> (Thumb, 0 bytes, Stack size 0 bytes, keil_startup_hk32f030m.o(.text))
<BR>[Address Reference Count : 1]<UL><LI> keil_startup_hk32f030m.o(RESET)
</UL>
<P><STRONG><a name="[7]"></a>EXTI11_IRQHandler</STRONG> (Thumb, 0 bytes, Stack size 0 bytes, keil_startup_hk32f030m.o(.text))
<BR>[Address Reference Count : 1]<UL><LI> keil_startup_hk32f030m.o(RESET)
</UL>
<P><STRONG><a name="[b]"></a>EXTI1_IRQHandler</STRONG> (Thumb, 0 bytes, Stack size 0 bytes, keil_startup_hk32f030m.o(.text))
<BR>[Address Reference Count : 1]<UL><LI> keil_startup_hk32f030m.o(RESET)
</UL>
<P><STRONG><a name="[c]"></a>EXTI2_IRQHandler</STRONG> (Thumb, 0 bytes, Stack size 0 bytes, keil_startup_hk32f030m.o(.text))
<BR>[Address Reference Count : 1]<UL><LI> keil_startup_hk32f030m.o(RESET)
</UL>
<P><STRONG><a name="[d]"></a>EXTI3_IRQHandler</STRONG> (Thumb, 0 bytes, Stack size 0 bytes, keil_startup_hk32f030m.o(.text))
<BR>[Address Reference Count : 1]<UL><LI> keil_startup_hk32f030m.o(RESET)
</UL>
<P><STRONG><a name="[e]"></a>EXTI4_IRQHandler</STRONG> (Thumb, 0 bytes, Stack size 0 bytes, keil_startup_hk32f030m.o(.text))
<BR>[Address Reference Count : 1]<UL><LI> keil_startup_hk32f030m.o(RESET)
</UL>
<P><STRONG><a name="[f]"></a>EXTI5_IRQHandler</STRONG> (Thumb, 0 bytes, Stack size 0 bytes, keil_startup_hk32f030m.o(.text))
<BR>[Address Reference Count : 1]<UL><LI> keil_startup_hk32f030m.o(RESET)
</UL>
<P><STRONG><a name="[16]"></a>EXTI6_IRQHandler</STRONG> (Thumb, 0 bytes, Stack size 0 bytes, keil_startup_hk32f030m.o(.text))
<BR>[Address Reference Count : 1]<UL><LI> keil_startup_hk32f030m.o(RESET)
</UL>
<P><STRONG><a name="[17]"></a>EXTI7_IRQHandler</STRONG> (Thumb, 0 bytes, Stack size 0 bytes, keil_startup_hk32f030m.o(.text))
<BR>[Address Reference Count : 1]<UL><LI> keil_startup_hk32f030m.o(RESET)
</UL>
<P><STRONG><a name="[8]"></a>FLASH_IRQHandler</STRONG> (Thumb, 0 bytes, Stack size 0 bytes, keil_startup_hk32f030m.o(.text))
<BR>[Address Reference Count : 1]<UL><LI> keil_startup_hk32f030m.o(RESET)
</UL>
<P><STRONG><a name="[18]"></a>I2C1_IRQHandler</STRONG> (Thumb, 0 bytes, Stack size 0 bytes, keil_startup_hk32f030m.o(.text))
<BR>[Address Reference Count : 1]<UL><LI> keil_startup_hk32f030m.o(RESET)
</UL>
<P><STRONG><a name="[9]"></a>RCC_IRQHandler</STRONG> (Thumb, 0 bytes, Stack size 0 bytes, keil_startup_hk32f030m.o(.text))
<BR>[Address Reference Count : 1]<UL><LI> keil_startup_hk32f030m.o(RESET)
</UL>
<P><STRONG><a name="[19]"></a>SPI1_IRQHandler</STRONG> (Thumb, 0 bytes, Stack size 0 bytes, keil_startup_hk32f030m.o(.text))
<BR>[Address Reference Count : 1]<UL><LI> keil_startup_hk32f030m.o(RESET)
</UL>
<P><STRONG><a name="[10]"></a>TIM1_BRK_IRQHandler</STRONG> (Thumb, 0 bytes, Stack size 0 bytes, keil_startup_hk32f030m.o(.text))
<BR>[Address Reference Count : 1]<UL><LI> keil_startup_hk32f030m.o(RESET)
</UL>
<P><STRONG><a name="[13]"></a>TIM1_CC_IRQHandler</STRONG> (Thumb, 0 bytes, Stack size 0 bytes, keil_startup_hk32f030m.o(.text))
<BR>[Address Reference Count : 1]<UL><LI> keil_startup_hk32f030m.o(RESET)
</UL>
<P><STRONG><a name="[12]"></a>TIM1_UP_TRG_COM_IRQHandler</STRONG> (Thumb, 0 bytes, Stack size 0 bytes, keil_startup_hk32f030m.o(.text))
<BR>[Address Reference Count : 1]<UL><LI> keil_startup_hk32f030m.o(RESET)
</UL>
<P><STRONG><a name="[14]"></a>TIM2_IRQHandler</STRONG> (Thumb, 0 bytes, Stack size 0 bytes, keil_startup_hk32f030m.o(.text))
<BR>[Address Reference Count : 1]<UL><LI> keil_startup_hk32f030m.o(RESET)
</UL>
<P><STRONG><a name="[15]"></a>TIM6_IRQHandler</STRONG> (Thumb, 0 bytes, Stack size 0 bytes, keil_startup_hk32f030m.o(.text))
<BR>[Address Reference Count : 1]<UL><LI> keil_startup_hk32f030m.o(RESET)
</UL>
<P><STRONG><a name="[1a]"></a>USART1_IRQHandler</STRONG> (Thumb, 0 bytes, Stack size 0 bytes, keil_startup_hk32f030m.o(.text))
<BR>[Address Reference Count : 1]<UL><LI> keil_startup_hk32f030m.o(RESET)
</UL>
<P><STRONG><a name="[6]"></a>WWDG_IRQHandler</STRONG> (Thumb, 0 bytes, Stack size 0 bytes, keil_startup_hk32f030m.o(.text))
<BR>[Address Reference Count : 1]<UL><LI> keil_startup_hk32f030m.o(RESET)
</UL>
<P><STRONG><a name="[1f]"></a>__scatterload</STRONG> (Thumb, 28 bytes, Stack size 0 bytes, init.o(.text))
<BR><BR>[Calls]<UL><LI><a href="#[20]">&gt;&gt;</a>&nbsp;&nbsp;&nbsp;__main_after_scatterload
</UL>
<BR>[Called By]<UL><LI><a href="#[1e]">&gt;&gt;</a>&nbsp;&nbsp;&nbsp;_main_scatterload
</UL>

<P><STRONG><a name="[32]"></a>__scatterload_rt2</STRONG> (Thumb, 0 bytes, Stack size 0 bytes, init.o(.text), UNUSED)

<P><STRONG><a name="[21]"></a>GPIO_IOMUX_ChangePin</STRONG> (Thumb, 94 bytes, Stack size 4 bytes, hk32f030m_gpio.o(i.GPIO_IOMUX_ChangePin))
<BR><BR>[Stack]<UL><LI>Max Depth = 12<LI>Call Chain = GPIO_IOMUX_ChangePin &rArr; __ARM_common_switch8
</UL>
<BR>[Calls]<UL><LI><a href="#[22]">&gt;&gt;</a>&nbsp;&nbsp;&nbsp;__ARM_common_switch8
</UL>
<BR>[Called By]<UL><LI><a href="#[26]">&gt;&gt;</a>&nbsp;&nbsp;&nbsp;IOMUXGpioInit
</UL>

<P><STRONG><a name="[25]"></a>GPIO_Init</STRONG> (Thumb, 166 bytes, Stack size 20 bytes, hk32f030m_gpio.o(i.GPIO_Init))
<BR><BR>[Stack]<UL><LI>Max Depth = 20<LI>Call Chain = GPIO_Init
</UL>
<BR>[Called By]<UL><LI><a href="#[26]">&gt;&gt;</a>&nbsp;&nbsp;&nbsp;IOMUXGpioInit
<LI><a href="#[23]">&gt;&gt;</a>&nbsp;&nbsp;&nbsp;GpioInit
</UL>

<P><STRONG><a name="[2]"></a>HardFault_Handler</STRONG> (Thumb, 4 bytes, Stack size 0 bytes, hk32f030m_it.o(i.HardFault_Handler))
<BR>[Address Reference Count : 1]<UL><LI> keil_startup_hk32f030m.o(RESET)
</UL>
<P><STRONG><a name="[1]"></a>NMI_Handler</STRONG> (Thumb, 2 bytes, Stack size 0 bytes, hk32f030m_it.o(i.NMI_Handler))
<BR>[Address Reference Count : 1]<UL><LI> keil_startup_hk32f030m.o(RESET)
</UL>
<P><STRONG><a name="[4]"></a>PendSV_Handler</STRONG> (Thumb, 2 bytes, Stack size 0 bytes, hk32f030m_it.o(i.PendSV_Handler))
<BR>[Address Reference Count : 1]<UL><LI> keil_startup_hk32f030m.o(RESET)
</UL>
<P><STRONG><a name="[24]"></a>RCC_AHBPeriphClockCmd</STRONG> (Thumb, 28 bytes, Stack size 0 bytes, hk32f030m_rcc.o(i.RCC_AHBPeriphClockCmd))
<BR><BR>[Called By]<UL><LI><a href="#[26]">&gt;&gt;</a>&nbsp;&nbsp;&nbsp;IOMUXGpioInit
<LI><a href="#[23]">&gt;&gt;</a>&nbsp;&nbsp;&nbsp;GpioInit
</UL>

<P><STRONG><a name="[27]"></a>RCC_APB1PeriphClockCmd</STRONG> (Thumb, 28 bytes, Stack size 0 bytes, hk32f030m_rcc.o(i.RCC_APB1PeriphClockCmd))
<BR><BR>[Called By]<UL><LI><a href="#[26]">&gt;&gt;</a>&nbsp;&nbsp;&nbsp;IOMUXGpioInit
</UL>

<P><STRONG><a name="[3]"></a>SVC_Handler</STRONG> (Thumb, 2 bytes, Stack size 0 bytes, hk32f030m_it.o(i.SVC_Handler))
<BR>[Address Reference Count : 1]<UL><LI> keil_startup_hk32f030m.o(RESET)
</UL>
<P><STRONG><a name="[5]"></a>SysTick_Handler</STRONG> (Thumb, 2 bytes, Stack size 0 bytes, hk32f030m_it.o(i.SysTick_Handler))
<BR>[Address Reference Count : 1]<UL><LI> keil_startup_hk32f030m.o(RESET)
</UL>
<P><STRONG><a name="[1c]"></a>SystemInit</STRONG> (Thumb, 54 bytes, Stack size 8 bytes, system_hk32f030m.o(i.SystemInit))
<BR><BR>[Stack]<UL><LI>Max Depth = 52<LI>Call Chain = SystemInit &rArr; SetSysClock &rArr; SetSysClockToHSI_32M
</UL>
<BR>[Calls]<UL><LI><a href="#[28]">&gt;&gt;</a>&nbsp;&nbsp;&nbsp;SetSysClock
</UL>
<BR>[Address Reference Count : 1]<UL><LI> keil_startup_hk32f030m.o(.text)
</UL>
<P><STRONG><a name="[22]"></a>__ARM_common_switch8</STRONG> (Thumb, 28 bytes, Stack size 8 bytes, hk32f030m_gpio.o(i.__ARM_common_switch8))
<BR><BR>[Stack]<UL><LI>Max Depth = 8<LI>Call Chain = __ARM_common_switch8
</UL>
<BR>[Called By]<UL><LI><a href="#[21]">&gt;&gt;</a>&nbsp;&nbsp;&nbsp;GPIO_IOMUX_ChangePin
</UL>

<P><STRONG><a name="[33]"></a>__scatterload_copy</STRONG> (Thumb, 14 bytes, Stack size unknown bytes, handlers.o(i.__scatterload_copy), UNUSED)

<P><STRONG><a name="[34]"></a>__scatterload_null</STRONG> (Thumb, 2 bytes, Stack size unknown bytes, handlers.o(i.__scatterload_null), UNUSED)

<P><STRONG><a name="[35]"></a>__scatterload_zeroinit</STRONG> (Thumb, 14 bytes, Stack size unknown bytes, handlers.o(i.__scatterload_zeroinit), UNUSED)

<P><STRONG><a name="[1b]"></a>main</STRONG> (Thumb, 24 bytes, Stack size 0 bytes, main.o(i.main))
<BR><BR>[Stack]<UL><LI>Max Depth = 36<LI>Call Chain = main &rArr; IOMUXGpioInit &rArr; GPIO_Init
</UL>
<BR>[Calls]<UL><LI><a href="#[2a]">&gt;&gt;</a>&nbsp;&nbsp;&nbsp;softWareDelay
<LI><a href="#[26]">&gt;&gt;</a>&nbsp;&nbsp;&nbsp;IOMUXGpioInit
<LI><a href="#[2b]">&gt;&gt;</a>&nbsp;&nbsp;&nbsp;GpioToggle
<LI><a href="#[23]">&gt;&gt;</a>&nbsp;&nbsp;&nbsp;GpioInit
</UL>
<BR>[Address Reference Count : 1]<UL><LI> entry9a.o(.ARM.Collect$$$$0000000B)
</UL><P>
<H3>
Local Symbols
</H3>
<P><STRONG><a name="[23]"></a>GpioInit</STRONG> (Thumb, 42 bytes, Stack size 16 bytes, main.o(i.GpioInit))
<BR><BR>[Stack]<UL><LI>Max Depth = 36<LI>Call Chain = GpioInit &rArr; GPIO_Init
</UL>
<BR>[Calls]<UL><LI><a href="#[24]">&gt;&gt;</a>&nbsp;&nbsp;&nbsp;RCC_AHBPeriphClockCmd
<LI><a href="#[25]">&gt;&gt;</a>&nbsp;&nbsp;&nbsp;GPIO_Init
</UL>
<BR>[Called By]<UL><LI><a href="#[1b]">&gt;&gt;</a>&nbsp;&nbsp;&nbsp;main
</UL>

<P><STRONG><a name="[2b]"></a>GpioToggle</STRONG> (Thumb, 26 bytes, Stack size 0 bytes, main.o(i.GpioToggle))
<BR><BR>[Called By]<UL><LI><a href="#[1b]">&gt;&gt;</a>&nbsp;&nbsp;&nbsp;main
</UL>

<P><STRONG><a name="[26]"></a>IOMUXGpioInit</STRONG> (Thumb, 86 bytes, Stack size 16 bytes, main.o(i.IOMUXGpioInit))
<BR><BR>[Stack]<UL><LI>Max Depth = 36<LI>Call Chain = IOMUXGpioInit &rArr; GPIO_Init
</UL>
<BR>[Calls]<UL><LI><a href="#[27]">&gt;&gt;</a>&nbsp;&nbsp;&nbsp;RCC_APB1PeriphClockCmd
<LI><a href="#[24]">&gt;&gt;</a>&nbsp;&nbsp;&nbsp;RCC_AHBPeriphClockCmd
<LI><a href="#[25]">&gt;&gt;</a>&nbsp;&nbsp;&nbsp;GPIO_Init
<LI><a href="#[21]">&gt;&gt;</a>&nbsp;&nbsp;&nbsp;GPIO_IOMUX_ChangePin
</UL>
<BR>[Called By]<UL><LI><a href="#[1b]">&gt;&gt;</a>&nbsp;&nbsp;&nbsp;main
</UL>

<P><STRONG><a name="[2a]"></a>softWareDelay</STRONG> (Thumb, 36 bytes, Stack size 0 bytes, main.o(i.softWareDelay))
<BR><BR>[Called By]<UL><LI><a href="#[1b]">&gt;&gt;</a>&nbsp;&nbsp;&nbsp;main
</UL>

<P><STRONG><a name="[28]"></a>SetSysClock</STRONG> (Thumb, 70 bytes, Stack size 24 bytes, system_hk32f030m.o(i.SetSysClock))
<BR><BR>[Stack]<UL><LI>Max Depth = 44<LI>Call Chain = SetSysClock &rArr; SetSysClockToHSI_32M
</UL>
<BR>[Calls]<UL><LI><a href="#[29]">&gt;&gt;</a>&nbsp;&nbsp;&nbsp;SetSysClockToHSI_32M
</UL>
<BR>[Called By]<UL><LI><a href="#[1c]">&gt;&gt;</a>&nbsp;&nbsp;&nbsp;SystemInit
</UL>

<P><STRONG><a name="[29]"></a>SetSysClockToHSI_32M</STRONG> (Thumb, 220 bytes, Stack size 20 bytes, system_hk32f030m.o(i.SetSysClockToHSI_32M))
<BR><BR>[Stack]<UL><LI>Max Depth = 20<LI>Call Chain = SetSysClockToHSI_32M
</UL>
<BR>[Called By]<UL><LI><a href="#[28]">&gt;&gt;</a>&nbsp;&nbsp;&nbsp;SetSysClock
</UL>
<P>
<H3>
Undefined Global Symbols
</H3><HR></body></html>
