<html>
<body>
<pre>
<h1>µVision Build Log</h1>
<h2>Tool Versions:</h2>
IDE-Version: ¦ÌVision V5.29.0.0
Copyright (C) 2019 ARM Ltd and ARM Germany GmbH. All rights reserved.
License Information: 111 dell, 111, LIC=JL28G-VQCPX-EV21R-K00XA-XERBE-NIHHE
 
Tool Versions:
Toolchain:       MDK-ARM Plus  Version: 5.29.0.0
Toolchain Path:  d:\Keil_v5\ARM\ARMCC\Bin
C Compiler:      Armcc.exe V5.06 update 6 (build 750)
Assembler:       Armasm.exe V5.06 update 6 (build 750)
Linker/Locator:  ArmLink.exe V5.06 update 6 (build 750)
Library Manager: ArmAr.exe V5.06 update 6 (build 750)
Hex Converter:   FromElf.exe V5.06 update 6 (build 750)
CPU DLL:         SARMCM3.DLL V5.29.0.0
Dialog DLL:      DARMCM1.DLL V1.19.2.0
Target DLL:      UL2CM3.DLL V1.163.0.0
Dialog DLL:      TARMCM1.DLL V1.14.1.0
 
<h2>Project:</h2>
E:\HK\1.Worksapce\MCU\3.HKMCU\6.API\HK\CM0\HK32F030M\04_Examples\HK32F030Mxx_ExampleV1.0.13\project\15 TIM\TIMERÀý³Ì\TIMER»¥²¹ÐÅºÅ\MDK-ARM\HK32F030M_Demo.uvprojx
Project File Date:  03/05/2021

<h2>Output:</h2>
*** Using Compiler 'V5.06 update 6 (build 750)', folder: 'd:\Keil_v5\ARM\ARMCC\Bin'
Build target 'HK32F030M_Demo'
assembling KEIL_Startup_hk32f030m.s...
compiling hk32f030m_it.c...
compiling system_hk32f030m.c...
compiling main.c...
compiling hk32f030m_adc.c...
compiling hk32f030m_awu.c...
compiling hk32f030m_beep.c...
compiling hk32f030m_crc.c...
compiling hk32f030m_exti.c...
compiling hk32f030m_flash.c...
compiling hk32f030m_gpio.c...
compiling hk32f030m_iwdg.c...
compiling hk32f030m_i2c.c...
compiling hk32f030m_misc.c...
compiling hk32f030m_pwr.c...
compiling hk32f030m_spi.c...
compiling hk32f030m_rcc.c...
compiling hk32f030m_syscfg.c...
compiling hk32f030m_tim.c...
compiling hk32f030m_wwdg.c...
compiling hk32f030m_usart.c...
linking...
Program Size: Code=1980 RO-data=224 RW-data=16 ZI-data=512  
FromELF: creating hex file...
".\Objects\HK32F030M_Demo.axf" - 0 Error(s), 0 Warning(s).

<h2>Software Packages used:</h2>

Package Vendor: HKMicroChip
                http://www.hsxp-hk.com/companyfile/2/HKMicroChip.HK32F030Mxx_DFP.1.0.8.pack
                HKMicroChip.HK32F030Mxx_DFP.1.0.8
                HKMicroChip HK32F030M ARM Cortex-M0 Device Family Pack Device Support

<h2>Collection of Component include folders:</h2>
  .\RTE\_HK32F030M_Demo

<h2>Collection of Component Files used:</h2>
Build Time Elapsed:  00:00:06
</pre>
</body>
</html>
