Component: ARM Compiler 5.06 update 6 (build 750) Tool: armlink [4d35ed]

==============================================================================

Section Cross References

    keil_startup_hk32f030m.o(RESET) refers to keil_startup_hk32f030m.o(STACK) for __initial_sp
    keil_startup_hk32f030m.o(RESET) refers to keil_startup_hk32f030m.o(.text) for Reset_Handler
    keil_startup_hk32f030m.o(RESET) refers to hk32f030m_it.o(i.NMI_Handler) for NMI_Handler
    keil_startup_hk32f030m.o(RESET) refers to hk32f030m_it.o(i.HardFault_Handler) for HardFault_Handler
    keil_startup_hk32f030m.o(RESET) refers to hk32f030m_it.o(i.SVC_Handler) for SVC_Handler
    keil_startup_hk32f030m.o(RESET) refers to hk32f030m_it.o(i.PendSV_Handler) for PendSV_Handler
    keil_startup_hk32f030m.o(RESET) refers to hk32f030m_it.o(i.SysTick_Handler) for SysTick_Handler
    keil_startup_hk32f030m.o(RESET) refers to hk32f030m_it.o(i.I2C1_IRQHandler) for I2C1_IRQHandler
    keil_startup_hk32f030m.o(RESET) refers to usart.o(i.USART1_IRQHandler) for USART1_IRQHandler
    keil_startup_hk32f030m.o(.text) refers to system_hk32f030m.o(i.SystemInit) for SystemInit
    keil_startup_hk32f030m.o(.text) refers to entry.o(.ARM.Collect$$$$00000000) for __main
    main.o(i.main) refers to usart.o(i.HKUsart_Init) for HKUsart_Init
    main.o(i.main) refers to iic.o(i.HKIIC_Init) for HKIIC_Init
    main.o(i.main) refers to printf5.o(i.__0printf$5) for __2printf
    main.o(i.main) refers to hk32f030m_it.o(.data) for send_data_lens
    main.o(i.main) refers to hk32f030m_it.o(.bss) for I2C_REG_RECEIVE_TEST
    hk32f030m_it.o(i.I2C1_IRQHandler) refers to uwrite4.o(.text) for __aeabi_uwrite4
    hk32f030m_it.o(i.I2C1_IRQHandler) refers to uread4.o(.text) for __aeabi_uread4
    hk32f030m_it.o(i.I2C1_IRQHandler) refers to hk32f030m_i2c.o(i.I2C_ClearFlag) for I2C_ClearFlag
    hk32f030m_it.o(i.I2C1_IRQHandler) refers to hk32f030m_it.o(.bss) for i2c_dev
    hk32f030m_it.o(i.I2C1_IRQHandler) refers to hk32f030m_it.o(.data) for I2CFirstByteFlag
    iic.o(i.HKIIC_Init) refers to hk32f030m_rcc.o(i.RCC_AHBPeriphClockCmd) for RCC_AHBPeriphClockCmd
    iic.o(i.HKIIC_Init) refers to hk32f030m_rcc.o(i.RCC_APB1PeriphClockCmd) for RCC_APB1PeriphClockCmd
    iic.o(i.HKIIC_Init) refers to hk32f030m_gpio.o(i.GPIO_Init) for GPIO_Init
    iic.o(i.HKIIC_Init) refers to hk32f030m_gpio.o(i.GPIO_PinAFConfig) for GPIO_PinAFConfig
    iic.o(i.HKIIC_Init) refers to hk32f030m_misc.o(i.NVIC_Init) for NVIC_Init
    iic.o(i.HKIIC_Init) refers to hk32f030m_i2c.o(i.I2C_ITConfig) for I2C_ITConfig
    iic.o(i.HKIIC_Init) refers to hk32f030m_i2c.o(i.I2C_Init) for I2C_Init
    iic.o(i.HKIIC_Init) refers to hk32f030m_i2c.o(i.I2C_Cmd) for I2C_Cmd
    iic.o(i.HKIIC_Read) refers to hk32f030m_i2c.o(i.I2C_GetFlagStatus) for I2C_GetFlagStatus
    iic.o(i.HKIIC_Read) refers to hk32f030m_i2c.o(i.I2C_TransferHandling) for I2C_TransferHandling
    iic.o(i.HKIIC_Read) refers to hk32f030m_i2c.o(i.I2C_SendData) for I2C_SendData
    iic.o(i.HKIIC_Read) refers to hk32f030m_i2c.o(i.I2C_ReceiveData) for I2C_ReceiveData
    iic.o(i.HKIIC_Read) refers to hk32f030m_i2c.o(i.I2C_ClearFlag) for I2C_ClearFlag
    iic.o(i.HKIIC_Write) refers to hk32f030m_i2c.o(i.I2C_GetFlagStatus) for I2C_GetFlagStatus
    iic.o(i.HKIIC_Write) refers to hk32f030m_i2c.o(i.I2C_TransferHandling) for I2C_TransferHandling
    iic.o(i.HKIIC_Write) refers to hk32f030m_i2c.o(i.I2C_SendData) for I2C_SendData
    iic.o(i.HKIIC_Write) refers to hk32f030m_i2c.o(i.I2C_ClearFlag) for I2C_ClearFlag
    usart.o(i.HKUSART_ReceiveData) refers to hk32f030m_usart.o(i.USART_GetFlagStatus) for USART_GetFlagStatus
    usart.o(i.HKUSART_ReceiveData) refers to hk32f030m_usart.o(i.USART_ReceiveData) for USART_ReceiveData
    usart.o(i.HKUSART_SendData) refers to hk32f030m_usart.o(i.USART_SendData) for USART_SendData
    usart.o(i.HKUSART_SendData) refers to hk32f030m_usart.o(i.USART_GetFlagStatus) for USART_GetFlagStatus
    usart.o(i.HKUSART_SendString) refers to usart.o(i.HKUSART_SendData) for HKUSART_SendData
    usart.o(i.HKUsart_Init) refers to hk32f030m_rcc.o(i.RCC_AHBPeriphClockCmd) for RCC_AHBPeriphClockCmd
    usart.o(i.HKUsart_Init) refers to hk32f030m_rcc.o(i.RCC_APB2PeriphClockCmd) for RCC_APB2PeriphClockCmd
    usart.o(i.HKUsart_Init) refers to hk32f030m_gpio.o(i.GPIO_PinAFConfig) for GPIO_PinAFConfig
    usart.o(i.HKUsart_Init) refers to hk32f030m_gpio.o(i.GPIO_Init) for GPIO_Init
    usart.o(i.HKUsart_Init) refers to hk32f030m_usart.o(i.USART_Init) for USART_Init
    usart.o(i.HKUsart_Init) refers to hk32f030m_usart.o(i.USART_SWAPPinCmd) for USART_SWAPPinCmd
    usart.o(i.HKUsart_Init) refers to hk32f030m_usart.o(i.USART_ITConfig) for USART_ITConfig
    usart.o(i.HKUsart_Init) refers to hk32f030m_usart.o(i.USART_Cmd) for USART_Cmd
    usart.o(i.USART1_IRQHandler) refers to hk32f030m_usart.o(i.USART_GetITStatus) for USART_GetITStatus
[...]
    hk32f030m_spi.o(i.I2S_Init) refers to hk32f030m_rcc.o(i.RCC_GetClocksFreq) for RCC_GetClocksFreq
    hk32f030m_spi.o(i.I2S_Init) refers to uidiv.o(.text) for __aeabi_uidivmod
    hk32f030m_spi.o(i.SPI_I2S_DeInit) refers to hk32f030m_rcc.o(i.RCC_APB2PeriphResetCmd) for RCC_APB2PeriphResetCmd
    hk32f030m_syscfg.o(i.SYSCFG_DeInit) refers to hk32f030m_rcc.o(i.RCC_APB2PeriphResetCmd) for RCC_APB2PeriphResetCmd
    hk32f030m_tim.o(i.TIM_DeInit) refers to hk32f030m_rcc.o(i.RCC_APB2PeriphResetCmd) for RCC_APB2PeriphResetCmd
    hk32f030m_tim.o(i.TIM_DeInit) refers to hk32f030m_rcc.o(i.RCC_APB1PeriphResetCmd) for RCC_APB1PeriphResetCmd
    hk32f030m_tim.o(i.TIM_ETRClockMode1Config) refers to hk32f030m_tim.o(i.TIM_ETRConfig) for TIM_ETRConfig
    hk32f030m_tim.o(i.TIM_ETRClockMode2Config) refers to hk32f030m_tim.o(i.TIM_ETRConfig) for TIM_ETRConfig
    hk32f030m_tim.o(i.TIM_ICInit) refers to hk32f030m_tim.o(i.TI1_Config) for TI1_Config
    hk32f030m_tim.o(i.TIM_ICInit) refers to hk32f030m_tim.o(i.TIM_SetIC1Prescaler) for TIM_SetIC1Prescaler
    hk32f030m_tim.o(i.TIM_ICInit) refers to hk32f030m_tim.o(i.TI2_Config) for TI2_Config
    hk32f030m_tim.o(i.TIM_ICInit) refers to hk32f030m_tim.o(i.TIM_SetIC2Prescaler) for TIM_SetIC2Prescaler
    hk32f030m_tim.o(i.TIM_ICInit) refers to hk32f030m_tim.o(i.TI3_Config) for TI3_Config
    hk32f030m_tim.o(i.TIM_ICInit) refers to hk32f030m_tim.o(i.TIM_SetIC3Prescaler) for TIM_SetIC3Prescaler
    hk32f030m_tim.o(i.TIM_ICInit) refers to hk32f030m_tim.o(i.TI4_Config) for TI4_Config
    hk32f030m_tim.o(i.TIM_ICInit) refers to hk32f030m_tim.o(i.TIM_SetIC4Prescaler) for TIM_SetIC4Prescaler
    hk32f030m_tim.o(i.TIM_ITRxExternalClockConfig) refers to hk32f030m_tim.o(i.TIM_SelectInputTrigger) for TIM_SelectInputTrigger
    hk32f030m_tim.o(i.TIM_PWMIConfig) refers to hk32f030m_tim.o(i.TI1_Config) for TI1_Config
    hk32f030m_tim.o(i.TIM_PWMIConfig) refers to hk32f030m_tim.o(i.TIM_SetIC1Prescaler) for TIM_SetIC1Prescaler
    hk32f030m_tim.o(i.TIM_PWMIConfig) refers to hk32f030m_tim.o(i.TI2_Config) for TI2_Config
    hk32f030m_tim.o(i.TIM_PWMIConfig) refers to hk32f030m_tim.o(i.TIM_SetIC2Prescaler) for TIM_SetIC2Prescaler
    hk32f030m_tim.o(i.TIM_TIxExternalClockConfig) refers to hk32f030m_tim.o(i.TI2_Config) for TI2_Config
    hk32f030m_tim.o(i.TIM_TIxExternalClockConfig) refers to hk32f030m_tim.o(i.TI1_Config) for TI1_Config
    hk32f030m_tim.o(i.TIM_TIxExternalClockConfig) refers to hk32f030m_tim.o(i.TIM_SelectInputTrigger) for TIM_SelectInputTrigger
    hk32f030m_usart.o(i.USART_DeInit) refers to hk32f030m_rcc.o(i.RCC_APB2PeriphResetCmd) for RCC_APB2PeriphResetCmd
    hk32f030m_usart.o(i.USART_Init) refers to hk32f030m_rcc.o(i.RCC_GetClocksFreq) for RCC_GetClocksFreq
    hk32f030m_usart.o(i.USART_Init) refers to uidiv.o(.text) for __aeabi_uidivmod
    hk32f030m_wwdg.o(i.WWDG_DeInit) refers to hk32f030m_rcc.o(i.RCC_APB1PeriphResetCmd) for RCC_APB1PeriphResetCmd
    entry.o(.ARM.Collect$$$$00000000) refers (Special) to entry10a.o(.ARM.Collect$$$$0000000D) for __rt_final_cpp
    entry.o(.ARM.Collect$$$$00000000) refers (Special) to entry11a.o(.ARM.Collect$$$$0000000F) for __rt_final_exit
    entry.o(.ARM.Collect$$$$00000000) refers (Special) to entry7b.o(.ARM.Collect$$$$00000008) for _main_clock
    entry.o(.ARM.Collect$$$$00000000) refers (Special) to entry8b.o(.ARM.Collect$$$$0000000A) for _main_cpp_init
    entry.o(.ARM.Collect$$$$00000000) refers (Special) to entry9a.o(.ARM.Collect$$$$0000000B) for _main_init
    entry.o(.ARM.Collect$$$$00000000) refers (Special) to entry5.o(.ARM.Collect$$$$00000004) for _main_scatterload
    entry.o(.ARM.Collect$$$$00000000) refers (Special) to entry2.o(.ARM.Collect$$$$00000001) for _main_stk
    printfb.o(i.__0fprintf$bare) refers to printfb.o(i._printf_core) for _printf_core
    printfb.o(i.__0fprintf$bare) refers to usart.o(i.fputc) for fputc
    printfb.o(i.__0printf$bare) refers to printfb.o(i._printf_core) for _printf_core
    printfb.o(i.__0printf$bare) refers to usart.o(i.fputc) for fputc
    printfb.o(i.__0printf$bare) refers to stdout.o(.data) for __stdout
    printfb.o(i.__0snprintf$bare) refers to printfb.o(i._printf_core) for _printf_core
    printfb.o(i.__0snprintf$bare) refers to printfb.o(i._snputc) for _snputc
    printfb.o(i.__0sprintf$bare) refers to printfb.o(i._printf_core) for _printf_core
    printfb.o(i.__0sprintf$bare) refers to printfb.o(i._sputc) for _sputc
    printfb.o(i.__0vfprintf$bare) refers to printfb.o(i._printf_core) for _printf_core
    printfb.o(i.__0vfprintf$bare) refers to usart.o(i.fputc) for fputc
    printfb.o(i.__0vprintf$bare) refers to printfb.o(i._printf_core) for _printf_core
    printfb.o(i.__0vprintf$bare) refers to usart.o(i.fputc) for fputc
    printfb.o(i.__0vprintf$bare) refers to stdout.o(.data) for __stdout
    printfb.o(i.__0vsnprintf$bare) refers to printfb.o(i._printf_core) for _printf_core
    printfb.o(i.__0vsnprintf$bare) refers to printfb.o(i._snputc) for _snputc
    printfb.o(i.__0vsprintf$bare) refers to printfb.o(i._printf_core) for _printf_core
    printfb.o(i.__0vsprintf$bare) refers to printfb.o(i._sputc) for _sputc
    printf0.o(i.__0fprintf$0) refers to printf0.o(i._printf_core) for _printf_core
    printf0.o(i.__0fprintf$0) refers to usart.o(i.fputc) for fputc
    printf0.o(i.__0printf$0) refers to printf0.o(i._printf_core) for _printf_core
    printf0.o(i.__0printf$0) refers to usart.o(i.fputc) for fputc
    printf0.o(i.__0printf$0) refers to stdout.o(.data) for __stdout
    printf0.o(i.__0snprintf$0) refers to printf0.o(i._printf_core) for _printf_core
    printf0.o(i.__0snprintf$0) refers to printf0.o(i._snputc) for _snputc
    printf0.o(i.__0sprintf$0) refers to printf0.o(i._printf_core) for _printf_core
    printf0.o(i.__0sprintf$0) refers to printf0.o(i._sputc) for _sputc
    printf0.o(i.__0vfprintf$0) refers to printf0.o(i._printf_core) for _printf_core
    printf0.o(i.__0vfprintf$0) refers to usart.o(i.fputc) for fputc
    printf0.o(i.__0vprintf$0) refers to printf0.o(i._printf_core) for _printf_core
    printf0.o(i.__0vprintf$0) refers to usart.o(i.fputc) for fputc
    printf0.o(i.__0vprintf$0) refers to stdout.o(.data) for __stdout
    printf0.o(i.__0vsnprintf$0) refers to printf0.o(i._printf_core) for _printf_core
    printf0.o(i.__0vsnprintf$0) refers to printf0.o(i._snputc) for _snputc
    printf0.o(i.__0vsprintf$0) refers to printf0.o(i._printf_core) for _printf_core
    printf0.o(i.__0vsprintf$0) refers to printf0.o(i._sputc) for _sputc
    printf1.o(i.__0fprintf$1) refers to printf1.o(i._printf_core) for _printf_core
    printf1.o(i.__0fprintf$1) refers to usart.o(i.fputc) for fputc
    printf1.o(i.__0printf$1) refers to printf1.o(i._printf_core) for _printf_core
    printf1.o(i.__0printf$1) refers to usart.o(i.fputc) for fputc
    printf1.o(i.__0printf$1) refers to stdout.o(.data) for __stdout
    printf1.o(i.__0snprintf$1) refers to printf1.o(i._printf_core) for _printf_core
    printf1.o(i.__0snprintf$1) refers to printf1.o(i._snputc) for _snputc
    printf1.o(i.__0sprintf$1) refers to printf1.o(i._printf_core) for _printf_core
    printf1.o(i.__0sprintf$1) refers to printf1.o(i._sputc) for _sputc
    printf1.o(i.__0vfprintf$1) refers to printf1.o(i._printf_core) for _printf_core
    printf1.o(i.__0vfprintf$1) refers to usart.o(i.fputc) for fputc
    printf1.o(i.__0vprintf$1) refers to printf1.o(i._printf_core) for _printf_core
    printf1.o(i.__0vprintf$1) refers to usart.o(i.fputc) for fputc
    printf1.o(i.__0vprintf$1) refers to stdout.o(.data) for __stdout
    printf1.o(i.__0vsnprintf$1) refers to printf1.o(i._printf_core) for _printf_core
    printf1.o(i.__0vsnprintf$1) refers to printf1.o(i._snputc) for _snputc
    printf1.o(i.__0vsprintf$1) refers to printf1.o(i._printf_core) for _printf_core
    printf1.o(i.__0vsprintf$1) refers to printf1.o(i._sputc) for _sputc
    printf1.o(i._printf_core) refers to uidiv.o(.text) for __aeabi_uidivmod
    printf2.o(i.__0fprintf$2) refers to printf2.o(i._printf_core) for _printf_core
    printf2.o(i.__0fprintf$2) refers to usart.o(i.fputc) for fputc
    printf2.o(i.__0printf$2) refers to printf2.o(i._printf_core) for _printf_core
    printf2.o(i.__0printf$2) refers to usart.o(i.fputc) for fputc
    printf2.o(i.__0printf$2) refers to stdout.o(.data) for __stdout
    printf2.o(i.__0snprintf$2) refers to printf2.o(i._printf_core) for _printf_core
    printf2.o(i.__0snprintf$2) refers to printf2.o(i._snputc) for _snputc
    printf2.o(i.__0sprintf$2) refers to printf2.o(i._printf_core) for _printf_core
    printf2.o(i.__0sprintf$2) refers to printf2.o(i._sputc) for _sputc
    printf2.o(i.__0vfprintf$2) refers to printf2.o(i._printf_core) for _printf_core
    printf2.o(i.__0vfprintf$2) refers to usart.o(i.fputc) for fputc
    printf2.o(i.__0vprintf$2) refers to printf2.o(i._printf_core) for _printf_core
    printf2.o(i.__0vprintf$2) refers to usart.o(i.fputc) for fputc
    printf2.o(i.__0vprintf$2) refers to stdout.o(.data) for __stdout
    printf2.o(i.__0vsnprintf$2) refers to printf2.o(i._printf_core) for _printf_core
    printf2.o(i.__0vsnprintf$2) refers to printf2.o(i._snputc) for _snputc
    printf2.o(i.__0vsprintf$2) refers to printf2.o(i._printf_core) for _printf_core
    printf2.o(i.__0vsprintf$2) refers to printf2.o(i._sputc) for _sputc
    printf3.o(i.__0fprintf$3) refers to printf3.o(i._printf_core) for _printf_core
    printf3.o(i.__0fprintf$3) refers to usart.o(i.fputc) for fputc
    printf3.o(i.__0printf$3) refers to printf3.o(i._printf_core) for _printf_core
    printf3.o(i.__0printf$3) refers to usart.o(i.fputc) for fputc
    printf3.o(i.__0printf$3) refers to stdout.o(.data) for __stdout
    printf3.o(i.__0snprintf$3) refers to printf3.o(i._printf_core) for _printf_core
    printf3.o(i.__0snprintf$3) refers to printf3.o(i._snputc) for _snputc
    printf3.o(i.__0sprintf$3) refers to printf3.o(i._printf_core) for _printf_core
    printf3.o(i.__0sprintf$3) refers to printf3.o(i._sputc) for _sputc
    printf3.o(i.__0vfprintf$3) refers to printf3.o(i._printf_core) for _printf_core
    printf3.o(i.__0vfprintf$3) refers to usart.o(i.fputc) for fputc
    printf3.o(i.__0vprintf$3) refers to printf3.o(i._printf_core) for _printf_core
    printf3.o(i.__0vprintf$3) refers to usart.o(i.fputc) for fputc
    printf3.o(i.__0vprintf$3) refers to stdout.o(.data) for __stdout
    printf3.o(i.__0vsnprintf$3) refers to printf3.o(i._printf_core) for _printf_core
    printf3.o(i.__0vsnprintf$3) refers to printf3.o(i._snputc) for _snputc
    printf3.o(i.__0vsprintf$3) refers to printf3.o(i._printf_core) for _printf_core
    printf3.o(i.__0vsprintf$3) refers to printf3.o(i._sputc) for _sputc
    printf3.o(i._printf_core) refers to uidiv.o(.text) for __aeabi_uidivmod
    printf4.o(i.__0fprintf$4) refers to printf4.o(i._printf_core) for _printf_core
    printf4.o(i.__0fprintf$4) refers to usart.o(i.fputc) for fputc
    printf4.o(i.__0printf$4) refers to printf4.o(i._printf_core) for _printf_core
    printf4.o(i.__0printf$4) refers to usart.o(i.fputc) for fputc
    printf4.o(i.__0printf$4) refers to stdout.o(.data) for __stdout
    printf4.o(i.__0snprintf$4) refers to printf4.o(i._printf_core) for _printf_core
    printf4.o(i.__0snprintf$4) refers to printf4.o(i._snputc) for _snputc
    printf4.o(i.__0sprintf$4) refers to printf4.o(i._printf_core) for _printf_core
    printf4.o(i.__0sprintf$4) refers to printf4.o(i._sputc) for _sputc
    printf4.o(i.__0vfprintf$4) refers to printf4.o(i._printf_core) for _printf_core
    printf4.o(i.__0vfprintf$4) refers to usart.o(i.fputc) for fputc
    printf4.o(i.__0vprintf$4) refers to printf4.o(i._printf_core) for _printf_core
    printf4.o(i.__0vprintf$4) refers to usart.o(i.fputc) for fputc
    printf4.o(i.__0vprintf$4) refers to stdout.o(.data) for __stdout
    printf4.o(i.__0vsnprintf$4) refers to printf4.o(i._printf_core) for _printf_core
    printf4.o(i.__0vsnprintf$4) refers to printf4.o(i._snputc) for _snputc
    printf4.o(i.__0vsprintf$4) refers to printf4.o(i._printf_core) for _printf_core
    printf4.o(i.__0vsprintf$4) refers to printf4.o(i._sputc) for _sputc
    printf4.o(i._printf_core) refers to uldiv.o(.text) for __aeabi_uldivmod
    printf5.o(i.__0fprintf$5) refers to printf5.o(i._printf_core) for _printf_core
    printf5.o(i.__0fprintf$5) refers to usart.o(i.fputc) for fputc
    printf5.o(i.__0printf$5) refers to printf5.o(i._printf_core) for _printf_core
    printf5.o(i.__0printf$5) refers to usart.o(i.fputc) for fputc
    printf5.o(i.__0printf$5) refers to stdout.o(.data) for __stdout
    printf5.o(i.__0snprintf$5) refers to printf5.o(i._printf_core) for _printf_core
    printf5.o(i.__0snprintf$5) refers to printf5.o(i._snputc) for _snputc
    printf5.o(i.__0sprintf$5) refers to printf5.o(i._printf_core) for _printf_core
    printf5.o(i.__0sprintf$5) refers to printf5.o(i._sputc) for _sputc
    printf5.o(i.__0vfprintf$5) refers to printf5.o(i._printf_core) for _printf_core
    printf5.o(i.__0vfprintf$5) refers to usart.o(i.fputc) for fputc
    printf5.o(i.__0vprintf$5) refers to printf5.o(i._printf_core) for _printf_core
    printf5.o(i.__0vprintf$5) refers to usart.o(i.fputc) for fputc
    printf5.o(i.__0vprintf$5) refers to stdout.o(.data) for __stdout
    printf5.o(i.__0vsnprintf$5) refers to printf5.o(i._printf_core) for _printf_core
    printf5.o(i.__0vsnprintf$5) refers to printf5.o(i._snputc) for _snputc
    printf5.o(i.__0vsprintf$5) refers to printf5.o(i._printf_core) for _printf_core
    printf5.o(i.__0vsprintf$5) refers to printf5.o(i._sputc) for _sputc
    printf5.o(i._printf_core) refers to uldiv.o(.text) for __aeabi_uldivmod
    printf6.o(i.__0fprintf$6) refers to printf6.o(i._printf_core) for _printf_core
    printf6.o(i.__0fprintf$6) refers to usart.o(i.fputc) for fputc
    printf6.o(i.__0printf$6) refers to printf6.o(i._printf_core) for _printf_core
    printf6.o(i.__0printf$6) refers to usart.o(i.fputc) for fputc
    printf6.o(i.__0printf$6) refers to stdout.o(.data) for __stdout
    printf6.o(i.__0snprintf$6) refers to printf6.o(i._printf_core) for _printf_core
    printf6.o(i.__0snprintf$6) refers to printf6.o(i._snputc) for _snputc
    printf6.o(i.__0sprintf$6) refers to printf6.o(i._printf_core) for _printf_core
    printf6.o(i.__0sprintf$6) refers to printf6.o(i._sputc) for _sputc
    printf6.o(i.__0vfprintf$6) refers to printf6.o(i._printf_core) for _printf_core
    printf6.o(i.__0vfprintf$6) refers to usart.o(i.fputc) for fputc
    printf6.o(i.__0vprintf$6) refers to printf6.o(i._printf_core) for _printf_core
    printf6.o(i.__0vprintf$6) refers to usart.o(i.fputc) for fputc
    printf6.o(i.__0vprintf$6) refers to stdout.o(.data) for __stdout
    printf6.o(i.__0vsnprintf$6) refers to printf6.o(i._printf_core) for _printf_core
    printf6.o(i.__0vsnprintf$6) refers to printf6.o(i._snputc) for _snputc
    printf6.o(i.__0vsprintf$6) refers to printf6.o(i._printf_core) for _printf_core
    printf6.o(i.__0vsprintf$6) refers to printf6.o(i._sputc) for _sputc
    printf6.o(i._printf_core) refers to printf6.o(i._printf_pre_padding) for _printf_pre_padding
    printf6.o(i._printf_core) refers to printf6.o(i._printf_post_padding) for _printf_post_padding
    printf6.o(i._printf_core) refers to uidiv.o(.text) for __aeabi_uidivmod
    printf7.o(i.__0fprintf$7) refers to printf7.o(i._printf_core) for _printf_core
    printf7.o(i.__0fprintf$7) refers to usart.o(i.fputc) for fputc
    printf7.o(i.__0printf$7) refers to printf7.o(i._printf_core) for _printf_core
    printf7.o(i.__0printf$7) refers to usart.o(i.fputc) for fputc
    printf7.o(i.__0printf$7) refers to stdout.o(.data) for __stdout
    printf7.o(i.__0snprintf$7) refers to printf7.o(i._printf_core) for _printf_core
    printf7.o(i.__0snprintf$7) refers to printf7.o(i._snputc) for _snputc
    printf7.o(i.__0sprintf$7) refers to printf7.o(i._printf_core) for _printf_core
    printf7.o(i.__0sprintf$7) refers to printf7.o(i._sputc) for _sputc
    printf7.o(i.__0vfprintf$7) refers to printf7.o(i._printf_core) for _printf_core
    printf7.o(i.__0vfprintf$7) refers to usart.o(i.fputc) for fputc
    printf7.o(i.__0vprintf$7) refers to printf7.o(i._printf_core) for _printf_core
    printf7.o(i.__0vprintf$7) refers to usart.o(i.fputc) for fputc
    printf7.o(i.__0vprintf$7) refers to stdout.o(.data) for __stdout
    printf7.o(i.__0vsnprintf$7) refers to printf7.o(i._printf_core) for _printf_core
    printf7.o(i.__0vsnprintf$7) refers to printf7.o(i._snputc) for _snputc
    printf7.o(i.__0vsprintf$7) refers to printf7.o(i._printf_core) for _printf_core
    printf7.o(i.__0vsprintf$7) refers to printf7.o(i._sputc) for _sputc
    printf7.o(i._printf_core) refers to printf7.o(i._printf_pre_padding) for _printf_pre_padding
    printf7.o(i._printf_core) refers to printf7.o(i._printf_post_padding) for _printf_post_padding
    printf7.o(i._printf_core) refers to uldiv.o(.text) for __aeabi_uldivmod
    printf8.o(i.__0fprintf$8) refers to printf8.o(i._printf_core) for _printf_core
    printf8.o(i.__0fprintf$8) refers to usart.o(i.fputc) for fputc
    printf8.o(i.__0printf$8) refers to printf8.o(i._printf_core) for _printf_core
    printf8.o(i.__0printf$8) refers to usart.o(i.fputc) for fputc
    printf8.o(i.__0printf$8) refers to stdout.o(.data) for __stdout
    printf8.o(i.__0snprintf$8) refers to printf8.o(i._printf_core) for _printf_core
    printf8.o(i.__0snprintf$8) refers to printf8.o(i._snputc) for _snputc
    printf8.o(i.__0sprintf$8) refers to printf8.o(i._printf_core) for _printf_core
    printf8.o(i.__0sprintf$8) refers to printf8.o(i._sputc) for _sputc
    printf8.o(i.__0vfprintf$8) refers to printf8.o(i._printf_core) for _printf_core
    printf8.o(i.__0vfprintf$8) refers to usart.o(i.fputc) for fputc
    printf8.o(i.__0vprintf$8) refers to printf8.o(i._printf_core) for _printf_core
    printf8.o(i.__0vprintf$8) refers to usart.o(i.fputc) for fputc
    printf8.o(i.__0vprintf$8) refers to stdout.o(.data) for __stdout
    printf8.o(i.__0vsnprintf$8) refers to printf8.o(i._printf_core) for _printf_core
    printf8.o(i.__0vsnprintf$8) refers to printf8.o(i._snputc) for _snputc
    printf8.o(i.__0vsprintf$8) refers to printf8.o(i._printf_core) for _printf_core
    printf8.o(i.__0vsprintf$8) refers to printf8.o(i._sputc) for _sputc
    printf8.o(i._printf_core) refers to printf8.o(i._printf_pre_padding) for _printf_pre_padding
    printf8.o(i._printf_core) refers to printf8.o(i._printf_post_padding) for _printf_post_padding
    printf8.o(i._printf_core) refers to uldiv.o(.text) for __aeabi_uldivmod
    printfa.o(i.__0fprintf) refers (Special) to iusefp.o(.text) for __I$use$fp
    printfa.o(i.__0fprintf) refers to printfa.o(i._printf_core) for _printf_core
    printfa.o(i.__0fprintf) refers to usart.o(i.fputc) for fputc
    printfa.o(i.__0printf) refers (Special) to iusefp.o(.text) for __I$use$fp
    printfa.o(i.__0printf) refers to printfa.o(i._printf_core) for _printf_core
    printfa.o(i.__0printf) refers to usart.o(i.fputc) for fputc
    printfa.o(i.__0printf) refers to stdout.o(.data) for __stdout
    printfa.o(i.__0snprintf) refers (Special) to iusefp.o(.text) for __I$use$fp
    printfa.o(i.__0snprintf) refers to printfa.o(i._printf_core) for _printf_core
    printfa.o(i.__0snprintf) refers to printfa.o(i._snputc) for _snputc
    printfa.o(i.__0sprintf) refers (Special) to iusefp.o(.text) for __I$use$fp
    printfa.o(i.__0sprintf) refers to printfa.o(i._printf_core) for _printf_core
    printfa.o(i.__0sprintf) refers to printfa.o(i._sputc) for _sputc
    printfa.o(i.__0vfprintf) refers (Special) to iusefp.o(.text) for __I$use$fp
    printfa.o(i.__0vfprintf) refers to printfa.o(i._printf_core) for _printf_core
    printfa.o(i.__0vfprintf) refers to usart.o(i.fputc) for fputc
    printfa.o(i.__0vprintf) refers (Special) to iusefp.o(.text) for __I$use$fp
    printfa.o(i.__0vprintf) refers to printfa.o(i._printf_core) for _printf_core
    printfa.o(i.__0vprintf) refers to usart.o(i.fputc) for fputc
    printfa.o(i.__0vprintf) refers to stdout.o(.data) for __stdout
    printfa.o(i.__0vsnprintf) refers (Special) to iusefp.o(.text) for __I$use$fp
    printfa.o(i.__0vsnprintf) refers to printfa.o(i._printf_core) for _printf_core
    printfa.o(i.__0vsnprintf) refers to printfa.o(i._snputc) for _snputc
    printfa.o(i.__0vsprintf) refers (Special) to iusefp.o(.text) for __I$use$fp
    printfa.o(i.__0vsprintf) refers to printfa.o(i._printf_core) for _printf_core
    printfa.o(i.__0vsprintf) refers to printfa.o(i._sputc) for _sputc
    printfa.o(i._fp_digits) refers (Special) to iusefp.o(.text) for __I$use$fp
    printfa.o(i._fp_digits) refers to dmul.o(.text) for __aeabi_dmul
    printfa.o(i._fp_digits) refers to ddiv.o(.text) for __aeabi_ddiv
    printfa.o(i._fp_digits) refers to cdrcmple.o(.text) for __aeabi_cdrcmple
    printfa.o(i._fp_digits) refers to dadd.o(.text) for __aeabi_dadd
    printfa.o(i._fp_digits) refers to dfixul.o(.text) for __aeabi_d2ulz
    printfa.o(i._fp_digits) refers to uldiv.o(.text) for __aeabi_uldivmod
    printfa.o(i._printf_core) refers (Special) to iusefp.o(.text) for __I$use$fp
    printfa.o(i._printf_core) refers to printfa.o(i._printf_pre_padding) for _printf_pre_padding
    printfa.o(i._printf_core) refers to uldiv.o(.text) for __aeabi_uldivmod
    printfa.o(i._printf_core) refers to printfa.o(i._printf_post_padding) for _printf_post_padding
    printfa.o(i._printf_core) refers to printfa.o(i._fp_digits) for _fp_digits
    printfa.o(i._printf_core) refers to uidiv.o(.text) for __aeabi_uidivmod
    printfa.o(i._printf_post_padding) refers (Special) to iusefp.o(.text) for __I$use$fp
    printfa.o(i._printf_pre_padding) refers (Special) to iusefp.o(.text) for __I$use$fp
    printfa.o(i._snputc) refers (Special) to iusefp.o(.text) for __I$use$fp
    printfa.o(i._sputc) refers (Special) to iusefp.o(.text) for __I$use$fp
    entry2.o(.ARM.Collect$$$$00000001) refers to entry2.o(.ARM.Collect$$$$00002712) for __lit__00000000
    entry2.o(.ARM.Collect$$$$00002712) refers to keil_startup_hk32f030m.o(STACK) for __initial_sp
    entry2.o(__vectab_stack_and_reset_area) refers to keil_startup_hk32f030m.o(STACK) for __initial_sp
    entry2.o(__vectab_stack_and_reset_area) refers to entry.o(.ARM.Collect$$$$00000000) for __main
    entry5.o(.ARM.Collect$$$$00000004) refers to init.o(.text) for __scatterload
    entry9a.o(.ARM.Collect$$$$0000000B) refers to main.o(i.main) for main
    entry9b.o(.ARM.Collect$$$$0000000C) refers to main.o(i.main) for main
    uldiv.o(.text) refers to llushr.o(.text) for __aeabi_llsr
    uldiv.o(.text) refers to llshl.o(.text) for __aeabi_llsl
    dadd.o(.text) refers to llshl.o(.text) for __aeabi_llsl
    dadd.o(.text) refers to llsshr.o(.text) for __aeabi_lasr
    dadd.o(.text) refers to depilogue.o(.text) for _double_epilogue
    dmul.o(.text) refers to depilogue.o(.text) for _double_epilogue
    ddiv.o(.text) refers to depilogue.o(.text) for _double_round
    dfixul.o(.text) refers to llushr.o(.text) for __aeabi_llsr
    dfixul.o(.text) refers to llshl.o(.text) for __aeabi_llsl
    init.o(.text) refers to entry5.o(.ARM.Collect$$$$00000004) for __main_after_scatterload
    depilogue.o(.text) refers to depilogue.o(i.__ARM_clz) for __ARM_clz
    depilogue.o(.text) refers to llshl.o(.text) for __aeabi_llsl
    depilogue.o(.text) refers to llushr.o(.text) for __aeabi_llsr


==============================================================================

Removing Unused input sections from the image.

    Removing keil_startup_hk32f030m.o(HEAP), (512 bytes).
    Removing main.o(.rev16_text), (4 bytes).
    Removing main.o(.revsh_text), (4 bytes).
    Removing main.o(i.delay), (12 bytes).
    Removing hk32f030m_it.o(.rev16_text), (4 bytes).
    Removing hk32f030m_it.o(.revsh_text), (4 bytes).
    Removing iic.o(.rev16_text), (4 bytes).
    Removing iic.o(.revsh_text), (4 bytes).
    Removing iic.o(i.HKIIC_Read), (164 bytes).
    Removing iic.o(i.HKIIC_Write), (164 bytes).
    Removing iic.o(.data), (4 bytes).
    Removing usart.o(.rev16_text), (4 bytes).
    Removing usart.o(.revsh_text), (4 bytes).
    Removing usart.o(i.HKUSART_ReceiveData), (36 bytes).
    Removing usart.o(i.HKUSART_SendData), (32 bytes).
    Removing usart.o(i.HKUSART_SendString), (28 bytes).
    Removing usart.o(i.USART_NVICConfig), (20 bytes).
    Removing system_hk32f030m.o(.rev16_text), (4 bytes).
    Removing system_hk32f030m.o(.revsh_text), (4 bytes).
    Removing system_hk32f030m.o(i.SystemCoreClockUpdate), (120 bytes).
    Removing system_hk32f030m.o(.data), (4 bytes).
    Removing hk32f030m_adc.o(.rev16_text), (4 bytes).
    Removing hk32f030m_adc.o(.revsh_text), (4 bytes).
    Removing hk32f030m_adc.o(i.ADC_AWDWakeup_Cmd), (50 bytes).
    Removing hk32f030m_adc.o(i.ADC_AnalogWatchdogCmd), (28 bytes).
    Removing hk32f030m_adc.o(i.ADC_AnalogWatchdogSingleChannelCmd), (28 bytes).
    Removing hk32f030m_adc.o(i.ADC_AnalogWatchdogSingleChannelConfig), (28 bytes).
    Removing hk32f030m_adc.o(i.ADC_AnalogWatchdogThresholdsConfig), (8 bytes).
    Removing hk32f030m_adc.o(i.ADC_AutoPowerOffCmd), (28 bytes).
    Removing hk32f030m_adc.o(i.ADC_ChannelConfig), (20 bytes).
    Removing hk32f030m_adc.o(i.ADC_ClearFlag), (4 bytes).
    Removing hk32f030m_adc.o(i.ADC_ClearITPendingBit), (4 bytes).
    Removing hk32f030m_adc.o(i.ADC_ClockModeConfig), (4 bytes).
    Removing hk32f030m_adc.o(i.ADC_Cmd), (24 bytes).
    Removing hk32f030m_adc.o(i.ADC_ContinuousModeCmd), (28 bytes).
    Removing hk32f030m_adc.o(i.ADC_DeInit), (32 bytes).
    Removing hk32f030m_adc.o(i.ADC_Diff_Func), (48 bytes).
    Removing hk32f030m_adc.o(i.ADC_DiscModeCmd), (28 bytes).
    Removing hk32f030m_adc.o(i.ADC_GetCalibrationFactor), (60 bytes).
    Removing hk32f030m_adc.o(i.ADC_GetConversionValue), (8 bytes).
    Removing hk32f030m_adc.o(i.ADC_GetFlagStatus), (48 bytes).
    Removing hk32f030m_adc.o(i.ADC_GetITStatus), (34 bytes).
    Removing hk32f030m_adc.o(i.ADC_ITConfig), (20 bytes).
    Removing hk32f030m_adc.o(i.ADC_Init), (40 bytes).
    Removing hk32f030m_adc.o(i.ADC_InterDelay_Func), (48 bytes).
    Removing hk32f030m_adc.o(i.ADC_JitterCmd), (20 bytes).
    Removing hk32f030m_adc.o(i.ADC_OverrunModeCmd), (28 bytes).
    Removing hk32f030m_adc.o(i.ADC_StartOfConversion), (10 bytes).
    Removing hk32f030m_adc.o(i.ADC_StopOfConversion), (10 bytes).
    Removing hk32f030m_adc.o(i.ADC_StructInit), (14 bytes).
    Removing hk32f030m_adc.o(i.ADC_VrefintCmd), (52 bytes).
    Removing hk32f030m_adc.o(i.ADC_WaitModeCmd), (28 bytes).
    Removing hk32f030m_awu.o(.rev16_text), (4 bytes).
    Removing hk32f030m_awu.o(.revsh_text), (4 bytes).
    Removing hk32f030m_awu.o(i.AWU_CLKConfig), (36 bytes).
    Removing hk32f030m_awu.o(i.AWU_DeInit), (16 bytes).
    Removing hk32f030m_awu.o(i.AWU_GetFlagStatus), (16 bytes).
    Removing hk32f030m_awu.o(i.AWU_TimerCounterAndStart), (76 bytes).
    Removing hk32f030m_beep.o(.rev16_text), (4 bytes).
    Removing hk32f030m_beep.o(.revsh_text), (4 bytes).
    Removing hk32f030m_beep.o(i.BEEP_ClockSelect), (36 bytes).
    Removing hk32f030m_beep.o(i.BEEP_Cmd), (64 bytes).
    Removing hk32f030m_beep.o(i.BEEP_DeInit), (40 bytes).
    Removing hk32f030m_beep.o(i.BEEP_Init), (140 bytes).
    Removing hk32f030m_beep.o(i.BEEP_ReadBeepStatus), (28 bytes).
    Removing hk32f030m_beep.o(i.BEEP_SetPrescaler), (32 bytes).
    Removing hk32f030m_beep.o(i.BEEP_SetTRGOPrescaler), (32 bytes).
    Removing hk32f030m_beep.o(i.BEEP_TRGOCmd), (64 bytes).
    Removing hk32f030m_crc.o(.rev16_text), (4 bytes).
    Removing hk32f030m_crc.o(.revsh_text), (4 bytes).
    Removing hk32f030m_crc.o(i.CRC_CalcBlockCRC), (36 bytes).
    Removing hk32f030m_crc.o(i.CRC_CalcCRC), (16 bytes).
    Removing hk32f030m_crc.o(i.CRC_DeInit), (28 bytes).
    Removing hk32f030m_crc.o(i.CRC_GetCRC), (12 bytes).
    Removing hk32f030m_crc.o(i.CRC_GetIDRegister), (12 bytes).
    Removing hk32f030m_crc.o(i.CRC_ResetDR), (20 bytes).
    Removing hk32f030m_crc.o(i.CRC_ReverseInputDataSelect), (32 bytes).
    Removing hk32f030m_crc.o(i.CRC_ReverseOutputDataCmd), (36 bytes).
    Removing hk32f030m_crc.o(i.CRC_SetIDRegister), (12 bytes).
    Removing hk32f030m_crc.o(i.CRC_SetInitRegister), (12 bytes).
    Removing hk32f030m_dbgmcu.o(.rev16_text), (4 bytes).
    Removing hk32f030m_dbgmcu.o(.revsh_text), (4 bytes).
    Removing hk32f030m_dbgmcu.o(i.DBGMCU_APB1PeriphConfig), (32 bytes).
    Removing hk32f030m_dbgmcu.o(i.DBGMCU_Config), (32 bytes).
    Removing hk32f030m_dbgmcu.o(i.DBGMCU_GetDEVID), (16 bytes).
    Removing hk32f030m_dbgmcu.o(i.DBGMCU_GetREVID), (12 bytes).
    Removing hk32f030m_exti.o(.rev16_text), (4 bytes).
    Removing hk32f030m_exti.o(.revsh_text), (4 bytes).
    Removing hk32f030m_exti.o(i.EXTI_ClearFlag), (12 bytes).
    Removing hk32f030m_exti.o(i.EXTI_ClearITPendingBit), (12 bytes).
    Removing hk32f030m_exti.o(i.EXTI_DeInit), (24 bytes).
    Removing hk32f030m_exti.o(i.EXTI_GenerateSWInterrupt), (16 bytes).
    Removing hk32f030m_exti.o(i.EXTI_GetFlagStatus), (28 bytes).
    Removing hk32f030m_exti.o(i.EXTI_GetITStatus), (40 bytes).
    Removing hk32f030m_exti.o(i.EXTI_Init), (136 bytes).
    Removing hk32f030m_exti.o(i.EXTI_StructInit), (16 bytes).
    Removing hk32f030m_flash.o(.rev16_text), (4 bytes).
    Removing hk32f030m_flash.o(.revsh_text), (4 bytes).
    Removing hk32f030m_flash.o(i.EEPROM_EraseByte), (88 bytes).
    Removing hk32f030m_flash.o(i.EEPROM_ProgramByte), (68 bytes).
    Removing hk32f030m_flash.o(i.FLASH_ClearFlag), (12 bytes).
    Removing hk32f030m_flash.o(i.FLASH_EraseAllPages), (72 bytes).
    Removing hk32f030m_flash.o(i.FLASH_ErasePage), (76 bytes).
    Removing hk32f030m_flash.o(i.FLASH_GetFlagStatus), (28 bytes).
    Removing hk32f030m_flash.o(i.FLASH_GetStatus), (44 bytes).
    Removing hk32f030m_flash.o(i.FLASH_ITConfig), (32 bytes).
    Removing hk32f030m_flash.o(i.FLASH_Lock), (20 bytes).
    Removing hk32f030m_flash.o(i.FLASH_OB_DBGCLKConfig), (156 bytes).
    Removing hk32f030m_flash.o(i.FLASH_OB_EraseByte), (76 bytes).
    Removing hk32f030m_flash.o(i.FLASH_OB_GetRDP), (28 bytes).
    Removing hk32f030m_flash.o(i.FLASH_OB_GetUser), (16 bytes).
    Removing hk32f030m_flash.o(i.FLASH_OB_GetWRP), (12 bytes).
    Removing hk32f030m_flash.o(i.FLASH_OB_IWDG_RLRConfig), (188 bytes).
    Removing hk32f030m_flash.o(i.FLASH_OB_LSILPConfig), (156 bytes).
    Removing hk32f030m_flash.o(i.FLASH_OB_Lock), (20 bytes).
    Removing hk32f030m_flash.o(i.FLASH_OB_ProgramData), (72 bytes).
    Removing hk32f030m_flash.o(i.FLASH_OB_RDPConfig), (188 bytes).
    Removing hk32f030m_flash.o(i.FLASH_OB_Unlock), (40 bytes).
    Removing hk32f030m_flash.o(i.FLASH_OB_UserConfig), (192 bytes).
    Removing hk32f030m_flash.o(i.FLASH_OB_WRPConfig), (276 bytes).
    Removing hk32f030m_flash.o(i.FLASH_OB_WriteUser), (76 bytes).
    Removing hk32f030m_flash.o(i.FLASH_ProgramByte), (68 bytes).
    Removing hk32f030m_flash.o(i.FLASH_ProgramHalfWord), (68 bytes).
    Removing hk32f030m_flash.o(i.FLASH_SetLatency), (28 bytes).
    Removing hk32f030m_flash.o(i.FLASH_Unlock), (36 bytes).
    Removing hk32f030m_flash.o(i.FLASH_WaitForLastOperation), (40 bytes).
    Removing hk32f030m_flash.o(i.Sys_GetDevice64BitUID), (20 bytes).
    Removing hk32f030m_gpio.o(.rev16_text), (4 bytes).
    Removing hk32f030m_gpio.o(.revsh_text), (4 bytes).
    Removing hk32f030m_gpio.o(i.GPIO_DeInit), (120 bytes).
    Removing hk32f030m_gpio.o(i.GPIO_IOMUX_ChangePin), (244 bytes).
    Removing hk32f030m_gpio.o(i.GPIO_IOMUX_PinAFConfig), (152 bytes).
    Removing hk32f030m_gpio.o(i.GPIO_IOMUX_SetTIM2CN1_Source), (12 bytes).
    Removing hk32f030m_gpio.o(i.GPIO_PinLockConfig), (34 bytes).
    Removing hk32f030m_gpio.o(i.GPIO_ReadInputData), (8 bytes).
    Removing hk32f030m_gpio.o(i.GPIO_ReadInputDataBit), (20 bytes).
    Removing hk32f030m_gpio.o(i.GPIO_ReadOutputData), (8 bytes).
    Removing hk32f030m_gpio.o(i.GPIO_ReadOutputDataBit), (20 bytes).
    Removing hk32f030m_gpio.o(i.GPIO_ResetBits), (4 bytes).
    Removing hk32f030m_gpio.o(i.GPIO_SetBits), (4 bytes).
    Removing hk32f030m_gpio.o(i.GPIO_StructInit), (24 bytes).
    Removing hk32f030m_gpio.o(i.GPIO_Toggle), (8 bytes).
    Removing hk32f030m_gpio.o(i.GPIO_Write), (4 bytes).
    Removing hk32f030m_gpio.o(i.GPIO_WriteBit), (12 bytes).
    Removing hk32f030m_i2c.o(.rev16_text), (4 bytes).
    Removing hk32f030m_i2c.o(.revsh_text), (4 bytes).
    Removing hk32f030m_i2c.o(i.I2C_10BitAddressHeaderCmd), (28 bytes).
    Removing hk32f030m_i2c.o(i.I2C_10BitAddressingModeCmd), (28 bytes).
    Removing hk32f030m_i2c.o(i.I2C_AcknowledgeConfig), (28 bytes).
    Removing hk32f030m_i2c.o(i.I2C_AutoEndCmd), (28 bytes).
    Removing hk32f030m_i2c.o(i.I2C_CalculatePEC), (28 bytes).
    Removing hk32f030m_i2c.o(i.I2C_ClearITPendingBit), (4 bytes).
    Removing hk32f030m_i2c.o(i.I2C_ClockTimeoutCmd), (28 bytes).
    Removing hk32f030m_i2c.o(i.I2C_DeInit), (36 bytes).
    Removing hk32f030m_i2c.o(i.I2C_DualAddressCmd), (28 bytes).
    Removing hk32f030m_i2c.o(i.I2C_ExtendedClockTimeoutCmd), (26 bytes).
    Removing hk32f030m_i2c.o(i.I2C_GeneralCallCmd), (28 bytes).
    Removing hk32f030m_i2c.o(i.I2C_GenerateSTART), (28 bytes).
    Removing hk32f030m_i2c.o(i.I2C_GenerateSTOP), (28 bytes).
    Removing hk32f030m_i2c.o(i.I2C_GetAddressMatched), (14 bytes).
    Removing hk32f030m_i2c.o(i.I2C_GetFlagStatus), (28 bytes).
    Removing hk32f030m_i2c.o(i.I2C_GetITStatus), (78 bytes).
    Removing hk32f030m_i2c.o(i.I2C_GetPEC), (8 bytes).
    Removing hk32f030m_i2c.o(i.I2C_GetTransferDirection), (30 bytes).
    Removing hk32f030m_i2c.o(i.I2C_IdleClockTimeoutCmd), (28 bytes).
    Removing hk32f030m_i2c.o(i.I2C_MasterRequestConfig), (28 bytes).
    Removing hk32f030m_i2c.o(i.I2C_NumberOfBytesConfig), (28 bytes).
    Removing hk32f030m_i2c.o(i.I2C_OwnAddress2Config), (36 bytes).
    Removing hk32f030m_i2c.o(i.I2C_PECRequestCmd), (28 bytes).
    Removing hk32f030m_i2c.o(i.I2C_ReadRegister), (22 bytes).
    Removing hk32f030m_i2c.o(i.I2C_ReceiveData), (8 bytes).
    Removing hk32f030m_i2c.o(i.I2C_ReloadCmd), (28 bytes).
    Removing hk32f030m_i2c.o(i.I2C_SMBusAlertCmd), (28 bytes).
    Removing hk32f030m_i2c.o(i.I2C_SendData), (4 bytes).
    Removing hk32f030m_i2c.o(i.I2C_SlaveAddressConfig), (20 bytes).
    Removing hk32f030m_i2c.o(i.I2C_SlaveByteControlCmd), (28 bytes).
    Removing hk32f030m_i2c.o(i.I2C_SoftwareResetCmd), (20 bytes).
    Removing hk32f030m_i2c.o(i.I2C_StopModeCmd), (28 bytes).
    Removing hk32f030m_i2c.o(i.I2C_StretchClockCmd), (28 bytes).
    Removing hk32f030m_i2c.o(i.I2C_StructInit), (24 bytes).
    Removing hk32f030m_i2c.o(i.I2C_TimeoutAConfig), (20 bytes).
    Removing hk32f030m_i2c.o(i.I2C_TimeoutBConfig), (32 bytes).
    Removing hk32f030m_i2c.o(i.I2C_TransferHandling), (44 bytes).
    Removing hk32f030m_iwdg.o(.rev16_text), (4 bytes).
    Removing hk32f030m_iwdg.o(.revsh_text), (4 bytes).
    Removing hk32f030m_iwdg.o(i.IWDG_Enable), (16 bytes).
    Removing hk32f030m_iwdg.o(i.IWDG_GetFlagStatus), (28 bytes).
    Removing hk32f030m_iwdg.o(i.IWDG_ReloadCounter), (16 bytes).
    Removing hk32f030m_iwdg.o(i.IWDG_SetPrescaler), (12 bytes).
    Removing hk32f030m_iwdg.o(i.IWDG_SetReload), (12 bytes).
    Removing hk32f030m_iwdg.o(i.IWDG_SetWindowValue), (12 bytes).
    Removing hk32f030m_iwdg.o(i.IWDG_WriteAccessCmd), (12 bytes).
    Removing hk32f030m_misc.o(.rev16_text), (4 bytes).
    Removing hk32f030m_misc.o(.revsh_text), (4 bytes).
    Removing hk32f030m_misc.o(i.NVIC_SystemLPConfig), (32 bytes).
    Removing hk32f030m_misc.o(i.SysTick_CLKSourceConfig), (36 bytes).
    Removing hk32f030m_pwr.o(.rev16_text), (4 bytes).
    Removing hk32f030m_pwr.o(.revsh_text), (4 bytes).
    Removing hk32f030m_pwr.o(i.PWR_DeInit), (22 bytes).
    Removing hk32f030m_pwr.o(i.PWR_EnterDeepSleepMode), (16 bytes).
    Removing hk32f030m_pwr.o(i.PWR_EnterSleepMode), (32 bytes).
    Removing hk32f030m_pwr.o(i.PWR_EnterStopMode), (120 bytes).
    Removing hk32f030m_pwr.o(i.PWR_SetLDO_RefVolToADC), (36 bytes).
    Removing hk32f030m_pwr.o(i.Sysclk_SwitchToLSI), (140 bytes).
    Removing hk32f030m_rcc.o(.rev16_text), (4 bytes).
    Removing hk32f030m_rcc.o(.revsh_text), (4 bytes).
    Removing hk32f030m_rcc.o(i.RCC_ADCCLKConfig), (76 bytes).
    Removing hk32f030m_rcc.o(i.RCC_AHBPeriphResetCmd), (32 bytes).
    Removing hk32f030m_rcc.o(i.RCC_APB1PeriphResetCmd), (32 bytes).
    Removing hk32f030m_rcc.o(i.RCC_APB2PeriphResetCmd), (32 bytes).
    Removing hk32f030m_rcc.o(i.RCC_AdjustHSICalibrationValue), (32 bytes).
    Removing hk32f030m_rcc.o(i.RCC_ClearFlag), (20 bytes).
    Removing hk32f030m_rcc.o(i.RCC_ClearITPendingBit), (12 bytes).
    Removing hk32f030m_rcc.o(i.RCC_ClockSecuritySystemCmd), (40 bytes).
    Removing hk32f030m_rcc.o(i.RCC_DeInit), (52 bytes).
    Removing hk32f030m_rcc.o(i.RCC_EXTCmd), (108 bytes).
    Removing hk32f030m_rcc.o(i.RCC_GetFlagStatus), (56 bytes).
    Removing hk32f030m_rcc.o(i.RCC_GetITStatus), (28 bytes).
    Removing hk32f030m_rcc.o(i.RCC_GetSYSCLKSource), (16 bytes).
    Removing hk32f030m_rcc.o(i.RCC_HCLKConfig), (32 bytes).
    Removing hk32f030m_rcc.o(i.RCC_HSICmd), (36 bytes).
    Removing hk32f030m_rcc.o(i.RCC_I2CCLKConfig), (28 bytes).
    Removing hk32f030m_rcc.o(i.RCC_ITConfig), (32 bytes).
    Removing hk32f030m_rcc.o(i.RCC_LSICmd), (36 bytes).
    Removing hk32f030m_rcc.o(i.RCC_MCOConfig), (36 bytes).
    Removing hk32f030m_rcc.o(i.RCC_PCLKConfig), (36 bytes).
    Removing hk32f030m_rcc.o(i.RCC_SYSCLKConfig), (28 bytes).
    Removing hk32f030m_rcc.o(i.RCC_USARTCLKConfig), (28 bytes).
    Removing hk32f030m_rcc.o(i.RCC_WaitForStartUp), (64 bytes).
    Removing hk32f030m_spi.o(.rev16_text), (4 bytes).
    Removing hk32f030m_spi.o(.revsh_text), (4 bytes).
    Removing hk32f030m_spi.o(i.I2S_Cmd), (32 bytes).
    Removing hk32f030m_spi.o(i.I2S_Init), (232 bytes).
    Removing hk32f030m_spi.o(i.I2S_StructInit), (20 bytes).
    Removing hk32f030m_spi.o(i.SPI_BiDirectionalLineConfig), (32 bytes).
    Removing hk32f030m_spi.o(i.SPI_CRCLengthConfig), (20 bytes).
    Removing hk32f030m_spi.o(i.SPI_CalculateCRC), (32 bytes).
    Removing hk32f030m_spi.o(i.SPI_Cmd), (28 bytes).
    Removing hk32f030m_spi.o(i.SPI_DataSizeConfig), (28 bytes).
    Removing hk32f030m_spi.o(i.SPI_GetCRC), (20 bytes).
    Removing hk32f030m_spi.o(i.SPI_GetCRCPolynomial), (8 bytes).
    Removing hk32f030m_spi.o(i.SPI_GetReceptionFIFOStatus), (12 bytes).
    Removing hk32f030m_spi.o(i.SPI_GetTransmissionFIFOStatus), (12 bytes).
    Removing hk32f030m_spi.o(i.SPI_I2S_ClearFlag), (8 bytes).
    Removing hk32f030m_spi.o(i.SPI_I2S_DeInit), (32 bytes).
    Removing hk32f030m_spi.o(i.SPI_I2S_GetFlagStatus), (20 bytes).
    Removing hk32f030m_spi.o(i.SPI_I2S_GetITStatus), (56 bytes).
    Removing hk32f030m_spi.o(i.SPI_I2S_ITConfig), (38 bytes).
    Removing hk32f030m_spi.o(i.SPI_I2S_ReceiveData16), (8 bytes).
    Removing hk32f030m_spi.o(i.SPI_I2S_SendData16), (4 bytes).
    Removing hk32f030m_spi.o(i.SPI_Init), (96 bytes).
    Removing hk32f030m_spi.o(i.SPI_NSSInternalSoftwareConfig), (32 bytes).
    Removing hk32f030m_spi.o(i.SPI_NSSPulseModeCmd), (28 bytes).
    Removing hk32f030m_spi.o(i.SPI_ReceiveData8), (12 bytes).
    Removing hk32f030m_spi.o(i.SPI_RxFIFOThresholdConfig), (20 bytes).
    Removing hk32f030m_spi.o(i.SPI_SSOutputCmd), (28 bytes).
    Removing hk32f030m_spi.o(i.SPI_SendData8), (10 bytes).
    Removing hk32f030m_spi.o(i.SPI_StructInit), (30 bytes).
    Removing hk32f030m_spi.o(i.SPI_TIModeCmd), (28 bytes).
    Removing hk32f030m_spi.o(i.SPI_TransmitCRC), (12 bytes).
    Removing hk32f030m_syscfg.o(.rev16_text), (4 bytes).
    Removing hk32f030m_syscfg.o(.revsh_text), (4 bytes).
    Removing hk32f030m_syscfg.o(i.SYSCFG_DeInit), (20 bytes).
    Removing hk32f030m_syscfg.o(i.SYSCFG_EXTILineConfig), (64 bytes).
    Removing hk32f030m_syscfg.o(i.SYSCFG_Lockup_Tim1BreakConfig), (36 bytes).
    Removing hk32f030m_syscfg.o(i.SYSCFG_MemoryRemapConfig), (40 bytes).
    Removing hk32f030m_tim.o(.rev16_text), (4 bytes).
    Removing hk32f030m_tim.o(.revsh_text), (4 bytes).
    Removing hk32f030m_tim.o(i.TI1_Config), (60 bytes).
    Removing hk32f030m_tim.o(i.TI2_Config), (80 bytes).
    Removing hk32f030m_tim.o(i.TI3_Config), (76 bytes).
    Removing hk32f030m_tim.o(i.TI4_Config), (84 bytes).
    Removing hk32f030m_tim.o(i.TIM_ARRPreloadConfig), (28 bytes).
    Removing hk32f030m_tim.o(i.TIM_BDTRConfig), (30 bytes).
    Removing hk32f030m_tim.o(i.TIM_BDTRStructInit), (18 bytes).
    Removing hk32f030m_tim.o(i.TIM_CCPreloadControl), (28 bytes).
    Removing hk32f030m_tim.o(i.TIM_CCxCmd), (34 bytes).
    Removing hk32f030m_tim.o(i.TIM_CCxNCmd), (34 bytes).
    Removing hk32f030m_tim.o(i.TIM_ClearFlag), (8 bytes).
    Removing hk32f030m_tim.o(i.TIM_ClearITPendingBit), (8 bytes).
    Removing hk32f030m_tim.o(i.TIM_ClearOC1Ref), (28 bytes).
    Removing hk32f030m_tim.o(i.TIM_ClearOC2Ref), (22 bytes).
    Removing hk32f030m_tim.o(i.TIM_ClearOC3Ref), (28 bytes).
    Removing hk32f030m_tim.o(i.TIM_ClearOC4Ref), (22 bytes).
    Removing hk32f030m_tim.o(i.TIM_Cmd), (28 bytes).
    Removing hk32f030m_tim.o(i.TIM_CounterModeConfig), (28 bytes).
    Removing hk32f030m_tim.o(i.TIM_CtrlPWMOutputs), (26 bytes).
    Removing hk32f030m_tim.o(i.TIM_DeInit), (88 bytes).
    Removing hk32f030m_tim.o(i.TIM_ETRClockMode1Config), (52 bytes).
    Removing hk32f030m_tim.o(i.TIM_ETRClockMode2Config), (34 bytes).
    Removing hk32f030m_tim.o(i.TIM_ETRConfig), (26 bytes).
    Removing hk32f030m_tim.o(i.TIM_EncoderInterfaceConfig), (72 bytes).
    Removing hk32f030m_tim.o(i.TIM_ForcedOC1Config), (28 bytes).
    Removing hk32f030m_tim.o(i.TIM_ForcedOC2Config), (28 bytes).
    Removing hk32f030m_tim.o(i.TIM_ForcedOC3Config), (28 bytes).
    Removing hk32f030m_tim.o(i.TIM_ForcedOC4Config), (28 bytes).
    Removing hk32f030m_tim.o(i.TIM_GenerateEvent), (4 bytes).
    Removing hk32f030m_tim.o(i.TIM_GetCapture1), (6 bytes).
    Removing hk32f030m_tim.o(i.TIM_GetCapture2), (6 bytes).
    Removing hk32f030m_tim.o(i.TIM_GetCapture3), (6 bytes).
    Removing hk32f030m_tim.o(i.TIM_GetCapture4), (6 bytes).
    Removing hk32f030m_tim.o(i.TIM_GetCounter), (6 bytes).
    Removing hk32f030m_tim.o(i.TIM_GetFlagStatus), (20 bytes).
    Removing hk32f030m_tim.o(i.TIM_GetITStatus), (38 bytes).
    Removing hk32f030m_tim.o(i.TIM_GetPrescaler), (8 bytes).
    Removing hk32f030m_tim.o(i.TIM_ICInit), (112 bytes).
    Removing hk32f030m_tim.o(i.TIM_ICStructInit), (18 bytes).
    Removing hk32f030m_tim.o(i.TIM_ITConfig), (26 bytes).
    Removing hk32f030m_tim.o(i.TIM_ITRxExternalClockConfig), (24 bytes).
    Removing hk32f030m_tim.o(i.TIM_InternalClockConfig), (16 bytes).
    Removing hk32f030m_tim.o(i.TIM_OC1FastConfig), (28 bytes).
    Removing hk32f030m_tim.o(i.TIM_OC1Init), (120 bytes).
    Removing hk32f030m_tim.o(i.TIM_OC1NPolarityConfig), (28 bytes).
    Removing hk32f030m_tim.o(i.TIM_OC1PolarityConfig), (28 bytes).
    Removing hk32f030m_tim.o(i.TIM_OC1PreloadConfig), (28 bytes).
    Removing hk32f030m_tim.o(i.TIM_OC2FastConfig), (28 bytes).
    Removing hk32f030m_tim.o(i.TIM_OC2Init), (168 bytes).
    Removing hk32f030m_tim.o(i.TIM_OC2NPolarityConfig), (28 bytes).
    Removing hk32f030m_tim.o(i.TIM_OC2PolarityConfig), (28 bytes).
    Removing hk32f030m_tim.o(i.TIM_OC2PreloadConfig), (28 bytes).
    Removing hk32f030m_tim.o(i.TIM_OC3FastConfig), (28 bytes).
    Removing hk32f030m_tim.o(i.TIM_OC3Init), (160 bytes).
    Removing hk32f030m_tim.o(i.TIM_OC3NPolarityConfig), (28 bytes).
    Removing hk32f030m_tim.o(i.TIM_OC3PolarityConfig), (28 bytes).
    Removing hk32f030m_tim.o(i.TIM_OC3PreloadConfig), (28 bytes).
    Removing hk32f030m_tim.o(i.TIM_OC4FastConfig), (28 bytes).
    Removing hk32f030m_tim.o(i.TIM_OC4Init), (120 bytes).
    Removing hk32f030m_tim.o(i.TIM_OC4PolarityConfig), (28 bytes).
    Removing hk32f030m_tim.o(i.TIM_OC4PreloadConfig), (28 bytes).
    Removing hk32f030m_tim.o(i.TIM_OCStructInit), (20 bytes).
    Removing hk32f030m_tim.o(i.TIM_PWMIConfig), (124 bytes).
    Removing hk32f030m_tim.o(i.TIM_PrescalerConfig), (6 bytes).
    Removing hk32f030m_tim.o(i.TIM_SelectCOM), (28 bytes).
    Removing hk32f030m_tim.o(i.TIM_SelectHallSensor), (28 bytes).
    Removing hk32f030m_tim.o(i.TIM_SelectInputTrigger), (28 bytes).
    Removing hk32f030m_tim.o(i.TIM_SelectMasterSlaveMode), (20 bytes).
    Removing hk32f030m_tim.o(i.TIM_SelectOCREFClear), (20 bytes).
    Removing hk32f030m_tim.o(i.TIM_SelectOCxM), (86 bytes).
    Removing hk32f030m_tim.o(i.TIM_SelectOnePulseMode), (20 bytes).
    Removing hk32f030m_tim.o(i.TIM_SelectOutputTrigger), (20 bytes).
    Removing hk32f030m_tim.o(i.TIM_SelectSlaveMode), (20 bytes).
    Removing hk32f030m_tim.o(i.TIM_SetAutoreload), (4 bytes).
    Removing hk32f030m_tim.o(i.TIM_SetClockDivision), (20 bytes).
    Removing hk32f030m_tim.o(i.TIM_SetCompare1), (4 bytes).
    Removing hk32f030m_tim.o(i.TIM_SetCompare2), (4 bytes).
    Removing hk32f030m_tim.o(i.TIM_SetCompare3), (4 bytes).
    Removing hk32f030m_tim.o(i.TIM_SetCompare4), (4 bytes).
    Removing hk32f030m_tim.o(i.TIM_SetCounter), (4 bytes).
    Removing hk32f030m_tim.o(i.TIM_SetIC1Prescaler), (20 bytes).
    Removing hk32f030m_tim.o(i.TIM_SetIC2Prescaler), (24 bytes).
    Removing hk32f030m_tim.o(i.TIM_SetIC3Prescaler), (20 bytes).
    Removing hk32f030m_tim.o(i.TIM_SetIC4Prescaler), (24 bytes).
    Removing hk32f030m_tim.o(i.TIM_TIxExternalClockConfig), (58 bytes).
    Removing hk32f030m_tim.o(i.TIM_TimeBaseInit), (84 bytes).
    Removing hk32f030m_tim.o(i.TIM_TimeBaseStructInit), (18 bytes).
    Removing hk32f030m_tim.o(i.TIM_UpdateDisableConfig), (28 bytes).
    Removing hk32f030m_tim.o(i.TIM_UpdateRequestConfig), (28 bytes).
    Removing hk32f030m_usart.o(.rev16_text), (4 bytes).
    Removing hk32f030m_usart.o(.revsh_text), (4 bytes).
    Removing hk32f030m_usart.o(i.USART_AddressDetectionConfig), (16 bytes).
    Removing hk32f030m_usart.o(i.USART_AutoBaudRateCmd), (28 bytes).
    Removing hk32f030m_usart.o(i.USART_AutoBaudRateConfig), (18 bytes).
    Removing hk32f030m_usart.o(i.USART_ClearFlag), (4 bytes).
    Removing hk32f030m_usart.o(i.USART_ClockInit), (36 bytes).
    Removing hk32f030m_usart.o(i.USART_ClockStructInit), (12 bytes).
    Removing hk32f030m_usart.o(i.USART_DECmd), (28 bytes).
    Removing hk32f030m_usart.o(i.USART_DEPolarityConfig), (18 bytes).
    Removing hk32f030m_usart.o(i.USART_DataInvCmd), (28 bytes).
    Removing hk32f030m_usart.o(i.USART_DeInit), (36 bytes).
    Removing hk32f030m_usart.o(i.USART_DirectionModeCmd), (20 bytes).
    Removing hk32f030m_usart.o(i.USART_HalfDuplexCmd), (24 bytes).
    Removing hk32f030m_usart.o(i.USART_InvPinCmd), (20 bytes).
    Removing hk32f030m_usart.o(i.USART_IrDACmd), (24 bytes).
    Removing hk32f030m_usart.o(i.USART_IrDAConfig), (16 bytes).
    Removing hk32f030m_usart.o(i.USART_LINBreakDetectLengthConfig), (16 bytes).
    Removing hk32f030m_usart.o(i.USART_LINCmd), (28 bytes).
    Removing hk32f030m_usart.o(i.USART_MSBFirstCmd), (28 bytes).
    Removing hk32f030m_usart.o(i.USART_MuteModeCmd), (28 bytes).
    Removing hk32f030m_usart.o(i.USART_MuteModeWakeUpConfig), (18 bytes).
    Removing hk32f030m_usart.o(i.USART_OneBitMethodCmd), (28 bytes).
    Removing hk32f030m_usart.o(i.USART_OverSampling8Cmd), (28 bytes).
    Removing hk32f030m_usart.o(i.USART_OverrunDetectionConfig), (18 bytes).
    Removing hk32f030m_usart.o(i.USART_ReceiverTimeOutCmd), (28 bytes).
    Removing hk32f030m_usart.o(i.USART_RequestCmd), (20 bytes).
    Removing hk32f030m_usart.o(i.USART_STOPModeCmd), (24 bytes).
    Removing hk32f030m_usart.o(i.USART_SetAddress), (18 bytes).
    Removing hk32f030m_usart.o(i.USART_SetAutoRetryCount), (20 bytes).
    Removing hk32f030m_usart.o(i.USART_SetBlockLength), (18 bytes).
    Removing hk32f030m_usart.o(i.USART_SetDEAssertionTime), (20 bytes).
    Removing hk32f030m_usart.o(i.USART_SetDEDeassertionTime), (20 bytes).
    Removing hk32f030m_usart.o(i.USART_SetGuardTime), (16 bytes).
    Removing hk32f030m_usart.o(i.USART_SetPrescaler), (18 bytes).
    Removing hk32f030m_usart.o(i.USART_SetReceiverTimeOut), (16 bytes).
    Removing hk32f030m_usart.o(i.USART_SmartCardCmd), (24 bytes).
    Removing hk32f030m_usart.o(i.USART_SmartCardNACKCmd), (24 bytes).
    Removing hk32f030m_usart.o(i.USART_StopModeWakeUpSourceConfig), (18 bytes).
    Removing hk32f030m_usart.o(i.USART_StructInit), (24 bytes).
    Removing hk32f030m_wwdg.o(.rev16_text), (4 bytes).
    Removing hk32f030m_wwdg.o(.revsh_text), (4 bytes).
    Removing hk32f030m_wwdg.o(i.WWDG_ClearFlag), (12 bytes).
    Removing hk32f030m_wwdg.o(i.WWDG_DeInit), (22 bytes).
    Removing hk32f030m_wwdg.o(i.WWDG_Enable), (16 bytes).
    Removing hk32f030m_wwdg.o(i.WWDG_EnableIT), (20 bytes).
    Removing hk32f030m_wwdg.o(i.WWDG_GetFlagStatus), (24 bytes).
    Removing hk32f030m_wwdg.o(i.WWDG_SetCounter), (16 bytes).
    Removing hk32f030m_wwdg.o(i.WWDG_SetPrescaler), (32 bytes).
    Removing hk32f030m_wwdg.o(i.WWDG_SetWindowValue), (40 bytes).
    Removing dadd.o(.text), (356 bytes).
    Removing dmul.o(.text), (208 bytes).
    Removing ddiv.o(.text), (240 bytes).
    Removing dfixul.o(.text), (64 bytes).
    Removing cdrcmple.o(.text), (40 bytes).
    Removing depilogue.o(.text), (190 bytes).
    Removing hk32f030m_gpio.o(i.__ARM_common_switch8), (28 bytes).
    Removing depilogue.o(i.__ARM_clz), (46 bytes).

415 unused section(s) (total 14910 bytes) removed from the image.

==============================================================================

Image Symbol Table

    Local Symbols

    Symbol Name                              Value     Ov Type        Size  Object(Section)

    ../clib/microlib/division.c              0x00000000   Number         0  uldiv.o ABSOLUTE
    ../clib/microlib/division.c              0x00000000   Number         0  uidiv.o ABSOLUTE
    ../clib/microlib/init/entry.s            0x00000000   Number         0  entry8a.o ABSOLUTE
    ../clib/microlib/init/entry.s            0x00000000   Number         0  entry11b.o ABSOLUTE
    ../clib/microlib/init/entry.s            0x00000000   Number         0  entry10a.o ABSOLUTE
    ../clib/microlib/init/entry.s            0x00000000   Number         0  entry9b.o ABSOLUTE
    ../clib/microlib/init/entry.s            0x00000000   Number         0  entry9a.o ABSOLUTE
    ../clib/microlib/init/entry.s            0x00000000   Number         0  entry8b.o ABSOLUTE
    ../clib/microlib/init/entry.s            0x00000000   Number         0  entry2.o ABSOLUTE
    ../clib/microlib/init/entry.s            0x00000000   Number         0  entry10b.o ABSOLUTE
    ../clib/microlib/init/entry.s            0x00000000   Number         0  entry7b.o ABSOLUTE
    ../clib/microlib/init/entry.s            0x00000000   Number         0  entry.o ABSOLUTE
    ../clib/microlib/init/entry.s            0x00000000   Number         0  entry7a.o ABSOLUTE
    ../clib/microlib/init/entry.s            0x00000000   Number         0  entry5.o ABSOLUTE
    ../clib/microlib/init/entry.s            0x00000000   Number         0  entry11a.o ABSOLUTE
    ../clib/microlib/longlong.c              0x00000000   Number         0  llshl.o ABSOLUTE
    ../clib/microlib/longlong.c              0x00000000   Number         0  llsshr.o ABSOLUTE
    ../clib/microlib/longlong.c              0x00000000   Number         0  llushr.o ABSOLUTE
    ../clib/microlib/printf/printf.c         0x00000000   Number         0  printfb.o ABSOLUTE
    ../clib/microlib/printf/printf.c         0x00000000   Number         0  printf5.o ABSOLUTE
    ../clib/microlib/printf/printf.c         0x00000000   Number         0  printf2.o ABSOLUTE
    ../clib/microlib/printf/printf.c         0x00000000   Number         0  printfa.o ABSOLUTE
    ../clib/microlib/printf/printf.c         0x00000000   Number         0  printf8.o ABSOLUTE
    ../clib/microlib/printf/printf.c         0x00000000   Number         0  printf7.o ABSOLUTE
    ../clib/microlib/printf/printf.c         0x00000000   Number         0  printf1.o ABSOLUTE
    ../clib/microlib/printf/printf.c         0x00000000   Number         0  printf3.o ABSOLUTE
    ../clib/microlib/printf/printf.c         0x00000000   Number         0  printf0.o ABSOLUTE
    ../clib/microlib/printf/printf.c         0x00000000   Number         0  printf4.o ABSOLUTE
    ../clib/microlib/printf/printf.c         0x00000000   Number         0  printf6.o ABSOLUTE
    ../clib/microlib/printf/stubs.s          0x00000000   Number         0  stubs.o ABSOLUTE
    ../clib/microlib/stdio/streams.c         0x00000000   Number         0  stdout.o ABSOLUTE
    ../clib/microlib/stubs.s                 0x00000000   Number         0  iusefp.o ABSOLUTE
    ../clib/microlib/unhosted.c              0x00000000   Number         0  uwrite4.o ABSOLUTE
    ../clib/microlib/unhosted.c              0x00000000   Number         0  uread4.o ABSOLUTE
    ../fplib/microlib/fpadd.c                0x00000000   Number         0  dadd.o ABSOLUTE
    ../fplib/microlib/fpdiv.c                0x00000000   Number         0  ddiv.o ABSOLUTE
    ../fplib/microlib/fpepilogue.c           0x00000000   Number         0  depilogue.o ABSOLUTE
    ../fplib/microlib/fpfix.c                0x00000000   Number         0  dfixul.o ABSOLUTE
    ../fplib/microlib/fpmul.c                0x00000000   Number         0  dmul.o ABSOLUTE
    ..\..\..\..\HK32F030M\CMSIS\HK32F030M\Source\ARM\KEIL_Startup_hk32f030m.s 0x00000000   Number         0  keil_startup_hk32f030m.o ABSOLUTE
    ..\..\..\..\HK32F030M\CMSIS\HK32F030M\Source\system_hk32f030m.c 0x00000000   Number         0  system_hk32f030m.o ABSOLUTE
    ..\..\..\..\HK32F030M\HK32F030M_Lib\src\hk32f030m_adc.c 0x00000000   Number         0  hk32f030m_adc.o ABSOLUTE
    ..\..\..\..\HK32F030M\HK32F030M_Lib\src\hk32f030m_awu.c 0x00000000   Number         0  hk32f030m_awu.o ABSOLUTE
    ..\..\..\..\HK32F030M\HK32F030M_Lib\src\hk32f030m_beep.c 0x00000000   Number         0  hk32f030m_beep.o ABSOLUTE
    ..\..\..\..\HK32F030M\HK32F030M_Lib\src\hk32f030m_crc.c 0x00000000   Number         0  hk32f030m_crc.o ABSOLUTE
    ..\..\..\..\HK32F030M\HK32F030M_Lib\src\hk32f030m_dbgmcu.c 0x00000000   Number         0  hk32f030m_dbgmcu.o ABSOLUTE
    ..\..\..\..\HK32F030M\HK32F030M_Lib\src\hk32f030m_exti.c 0x00000000   Number         0  hk32f030m_exti.o ABSOLUTE
    ..\..\..\..\HK32F030M\HK32F030M_Lib\src\hk32f030m_flash.c 0x00000000   Number         0  hk32f030m_flash.o ABSOLUTE
    ..\..\..\..\HK32F030M\HK32F030M_Lib\src\hk32f030m_gpio.c 0x00000000   Number         0  hk32f030m_gpio.o ABSOLUTE
    ..\..\..\..\HK32F030M\HK32F030M_Lib\src\hk32f030m_i2c.c 0x00000000   Number         0  hk32f030m_i2c.o ABSOLUTE
    ..\..\..\..\HK32F030M\HK32F030M_Lib\src\hk32f030m_iwdg.c 0x00000000   Number         0  hk32f030m_iwdg.o ABSOLUTE
    ..\..\..\..\HK32F030M\HK32F030M_Lib\src\hk32f030m_misc.c 0x00000000   Number         0  hk32f030m_misc.o ABSOLUTE
    ..\..\..\..\HK32F030M\HK32F030M_Lib\src\hk32f030m_pwr.c 0x00000000   Number         0  hk32f030m_pwr.o ABSOLUTE
    ..\..\..\..\HK32F030M\HK32F030M_Lib\src\hk32f030m_rcc.c 0x00000000   Number         0  hk32f030m_rcc.o ABSOLUTE
    ..\..\..\..\HK32F030M\HK32F030M_Lib\src\hk32f030m_spi.c 0x00000000   Number         0  hk32f030m_spi.o ABSOLUTE
    ..\..\..\..\HK32F030M\HK32F030M_Lib\src\hk32f030m_syscfg.c 0x00000000   Number         0  hk32f030m_syscfg.o ABSOLUTE
    ..\..\..\..\HK32F030M\HK32F030M_Lib\src\hk32f030m_tim.c 0x00000000   Number         0  hk32f030m_tim.o ABSOLUTE
    ..\..\..\..\HK32F030M\HK32F030M_Lib\src\hk32f030m_usart.c 0x00000000   Number         0  hk32f030m_usart.o ABSOLUTE
    ..\..\..\..\HK32F030M\HK32F030M_Lib\src\hk32f030m_wwdg.c 0x00000000   Number         0  hk32f030m_wwdg.o ABSOLUTE
    ..\\..\\..\\..\\HK32F030M\\CMSIS\\HK32F030M\\Source\\system_hk32f030m.c 0x00000000   Number         0  system_hk32f030m.o ABSOLUTE
    ..\\..\\..\\..\\HK32F030M\\HK32F030M_Lib\\src\\hk32f030m_adc.c 0x00000000   Number         0  hk32f030m_adc.o ABSOLUTE
    ..\\..\\..\\..\\HK32F030M\\HK32F030M_Lib\\src\\hk32f030m_awu.c 0x00000000   Number         0  hk32f030m_awu.o ABSOLUTE
    ..\\..\\..\\..\\HK32F030M\\HK32F030M_Lib\\src\\hk32f030m_beep.c 0x00000000   Number         0  hk32f030m_beep.o ABSOLUTE
    ..\\..\\..\\..\\HK32F030M\\HK32F030M_Lib\\src\\hk32f030m_crc.c 0x00000000   Number         0  hk32f030m_crc.o ABSOLUTE
    ..\\..\\..\\..\\HK32F030M\\HK32F030M_Lib\\src\\hk32f030m_dbgmcu.c 0x00000000   Number         0  hk32f030m_dbgmcu.o ABSOLUTE
    ..\\..\\..\\..\\HK32F030M\\HK32F030M_Lib\\src\\hk32f030m_exti.c 0x00000000   Number         0  hk32f030m_exti.o ABSOLUTE
    ..\\..\\..\\..\\HK32F030M\\HK32F030M_Lib\\src\\hk32f030m_flash.c 0x00000000   Number         0  hk32f030m_flash.o ABSOLUTE
    ..\\..\\..\\..\\HK32F030M\\HK32F030M_Lib\\src\\hk32f030m_gpio.c 0x00000000   Number         0  hk32f030m_gpio.o ABSOLUTE
    ..\\..\\..\\..\\HK32F030M\\HK32F030M_Lib\\src\\hk32f030m_i2c.c 0x00000000   Number         0  hk32f030m_i2c.o ABSOLUTE
    ..\\..\\..\\..\\HK32F030M\\HK32F030M_Lib\\src\\hk32f030m_iwdg.c 0x00000000   Number         0  hk32f030m_iwdg.o ABSOLUTE
    ..\\..\\..\\..\\HK32F030M\\HK32F030M_Lib\\src\\hk32f030m_misc.c 0x00000000   Number         0  hk32f030m_misc.o ABSOLUTE
    ..\\..\\..\\..\\HK32F030M\\HK32F030M_Lib\\src\\hk32f030m_pwr.c 0x00000000   Number         0  hk32f030m_pwr.o ABSOLUTE
    ..\\..\\..\\..\\HK32F030M\\HK32F030M_Lib\\src\\hk32f030m_rcc.c 0x00000000   Number         0  hk32f030m_rcc.o ABSOLUTE
    ..\\..\\..\\..\\HK32F030M\\HK32F030M_Lib\\src\\hk32f030m_spi.c 0x00000000   Number         0  hk32f030m_spi.o ABSOLUTE
    ..\\..\\..\\..\\HK32F030M\\HK32F030M_Lib\\src\\hk32f030m_syscfg.c 0x00000000   Number         0  hk32f030m_syscfg.o ABSOLUTE
    ..\\..\\..\\..\\HK32F030M\\HK32F030M_Lib\\src\\hk32f030m_tim.c 0x00000000   Number         0  hk32f030m_tim.o ABSOLUTE
    ..\\..\\..\\..\\HK32F030M\\HK32F030M_Lib\\src\\hk32f030m_usart.c 0x00000000   Number         0  hk32f030m_usart.o ABSOLUTE
    ..\\..\\..\\..\\HK32F030M\\HK32F030M_Lib\\src\\hk32f030m_wwdg.c 0x00000000   Number         0  hk32f030m_wwdg.o ABSOLUTE
    ..\\src\\hk32f030m_it.c                  0x00000000   Number         0  hk32f030m_it.o ABSOLUTE
    ..\\src\\iic.c                           0x00000000   Number         0  iic.o ABSOLUTE
    ..\\src\\main.c                          0x00000000   Number         0  main.o ABSOLUTE
    ..\\src\\usart.c                         0x00000000   Number         0  usart.o ABSOLUTE
    ..\src\hk32f030m_it.c                    0x00000000   Number         0  hk32f030m_it.o ABSOLUTE
    ..\src\iic.c                             0x00000000   Number         0  iic.o ABSOLUTE
    ..\src\main.c                            0x00000000   Number         0  main.o ABSOLUTE
    ..\src\usart.c                           0x00000000   Number         0  usart.o ABSOLUTE
    cdrcmple.s                               0x00000000   Number         0  cdrcmple.o ABSOLUTE
    dc.s                                     0x00000000   Number         0  dc.o ABSOLUTE
    handlers.s                               0x00000000   Number         0  handlers.o ABSOLUTE
    init.s                                   0x00000000   Number         0  init.o ABSOLUTE
    RESET                                    0x08000000   Section      192  keil_startup_hk32f030m.o(RESET)
    .ARM.Collect$$$$00000000                 0x080000c0   Section        0  entry.o(.ARM.Collect$$$$00000000)
    .ARM.Collect$$$$00000001                 0x080000c0   Section        4  entry2.o(.ARM.Collect$$$$00000001)
    .ARM.Collect$$$$00000004                 0x080000c4   Section        4  entry5.o(.ARM.Collect$$$$00000004)
    .ARM.Collect$$$$00000008                 0x080000c8   Section        0  entry7b.o(.ARM.Collect$$$$00000008)
    .ARM.Collect$$$$0000000A                 0x080000c8   Section        0  entry8b.o(.ARM.Collect$$$$0000000A)
    .ARM.Collect$$$$0000000B                 0x080000c8   Section        8  entry9a.o(.ARM.Collect$$$$0000000B)
    .ARM.Collect$$$$0000000D                 0x080000d0   Section        0  entry10a.o(.ARM.Collect$$$$0000000D)
    .ARM.Collect$$$$0000000F                 0x080000d0   Section        0  entry11a.o(.ARM.Collect$$$$0000000F)
    .ARM.Collect$$$$00002712                 0x080000d0   Section        4  entry2.o(.ARM.Collect$$$$00002712)
    __lit__00000000                          0x080000d0   Data           4  entry2.o(.ARM.Collect$$$$00002712)
    .text                                    0x080000d4   Section       28  keil_startup_hk32f030m.o(.text)
    .text                                    0x080000f0   Section        0  uidiv.o(.text)
    .text                                    0x0800011c   Section        0  uread4.o(.text)
    .text                                    0x08000130   Section        0  uwrite4.o(.text)
    .text                                    0x08000142   Section        0  uldiv.o(.text)
    .text                                    0x080001a4   Section       36  init.o(.text)
    .text                                    0x080001c8   Section        0  llshl.o(.text)
    .text                                    0x080001e8   Section        0  llushr.o(.text)
    i.GPIO_Init                              0x0800020a   Section        0  hk32f030m_gpio.o(i.GPIO_Init)
    i.GPIO_PinAFConfig                       0x080002b0   Section        0  hk32f030m_gpio.o(i.GPIO_PinAFConfig)
    i.HKIIC_Init                             0x080002f4   Section        0  iic.o(i.HKIIC_Init)
    i.HKUsart_Init                           0x08000388   Section        0  usart.o(i.HKUsart_Init)
    i.HardFault_Handler                      0x08000430   Section        0  hk32f030m_it.o(i.HardFault_Handler)
    i.I2C1_IRQHandler                        0x08000434   Section        0  hk32f030m_it.o(i.I2C1_IRQHandler)
    i.I2C_ClearFlag                          0x080006d0   Section        0  hk32f030m_i2c.o(i.I2C_ClearFlag)
    i.I2C_Cmd                                0x080006d4   Section        0  hk32f030m_i2c.o(i.I2C_Cmd)
    i.I2C_ITConfig                           0x080006ec   Section        0  hk32f030m_i2c.o(i.I2C_ITConfig)
    i.I2C_Init                               0x08000700   Section        0  hk32f030m_i2c.o(i.I2C_Init)
    i.NMI_Handler                            0x0800076c   Section        0  hk32f030m_it.o(i.NMI_Handler)
    i.NVIC_Init                              0x08000770   Section        0  hk32f030m_misc.o(i.NVIC_Init)
    i.PendSV_Handler                         0x080007e0   Section        0  hk32f030m_it.o(i.PendSV_Handler)
    i.RCC_AHBPeriphClockCmd                  0x080007e4   Section        0  hk32f030m_rcc.o(i.RCC_AHBPeriphClockCmd)
    i.RCC_APB1PeriphClockCmd                 0x08000804   Section        0  hk32f030m_rcc.o(i.RCC_APB1PeriphClockCmd)
    i.RCC_APB2PeriphClockCmd                 0x08000824   Section        0  hk32f030m_rcc.o(i.RCC_APB2PeriphClockCmd)
    i.RCC_GetClocksFreq                      0x08000844   Section        0  hk32f030m_rcc.o(i.RCC_GetClocksFreq)
    i.SVC_Handler                            0x08000970   Section        0  hk32f030m_it.o(i.SVC_Handler)
    i.SetSysClock                            0x08000974   Section        0  system_hk32f030m.o(i.SetSysClock)
    SetSysClock                              0x08000975   Thumb Code    70  system_hk32f030m.o(i.SetSysClock)
    i.SetSysClockToHSI_32M                   0x080009c8   Section        0  system_hk32f030m.o(i.SetSysClockToHSI_32M)
    SetSysClockToHSI_32M                     0x080009c9   Thumb Code   220  system_hk32f030m.o(i.SetSysClockToHSI_32M)
    i.SysTick_Handler                        0x08000ab0   Section        0  hk32f030m_it.o(i.SysTick_Handler)
    i.SystemInit                             0x08000ab4   Section        0  system_hk32f030m.o(i.SystemInit)
    i.USART1_IRQHandler                      0x08000af8   Section        0  usart.o(i.USART1_IRQHandler)
    i.USART_ClearITPendingBit                0x08000b38   Section        0  hk32f030m_usart.o(i.USART_ClearITPendingBit)
    i.USART_Cmd                              0x08000b4a   Section        0  hk32f030m_usart.o(i.USART_Cmd)
    i.USART_GetFlagStatus                    0x08000b62   Section        0  hk32f030m_usart.o(i.USART_GetFlagStatus)
    i.USART_GetITStatus                      0x08000b76   Section        0  hk32f030m_usart.o(i.USART_GetITStatus)
    i.USART_ITConfig                         0x08000bc4   Section        0  hk32f030m_usart.o(i.USART_ITConfig)
    i.USART_Init                             0x08000c08   Section        0  hk32f030m_usart.o(i.USART_Init)
    i.USART_ReceiveData                      0x08000ce0   Section        0  hk32f030m_usart.o(i.USART_ReceiveData)
    i.USART_SWAPPinCmd                       0x08000cea   Section        0  hk32f030m_usart.o(i.USART_SWAPPinCmd)
    i.USART_SendData                         0x08000d06   Section        0  hk32f030m_usart.o(i.USART_SendData)
    i.__0printf$5                            0x08000d10   Section        0  printf5.o(i.__0printf$5)
    i.__scatterload_copy                     0x08000d30   Section       14  handlers.o(i.__scatterload_copy)
    i.__scatterload_null                     0x08000d3e   Section        2  handlers.o(i.__scatterload_null)
    i.__scatterload_zeroinit                 0x08000d40   Section       14  handlers.o(i.__scatterload_zeroinit)
    i._printf_core                           0x08000d50   Section        0  printf5.o(i._printf_core)
    _printf_core                             0x08000d51   Thumb Code   688  printf5.o(i._printf_core)
    i.fputc                                  0x0800102c   Section        0  usart.o(i.fputc)
    i.main                                   0x08001050   Section        0  main.o(i.main)
    .constdata                               0x080010f4   Section       40  hk32f030m_rcc.o(.constdata)
    .data                                    0x20000000   Section       17  hk32f030m_it.o(.data)
    .data                                    0x20000014   Section        4  stdout.o(.data)
    .bss                                     0x20000018   Section       22  hk32f030m_it.o(.bss)
    STACK                                    0x20000030   Section      512  keil_startup_hk32f030m.o(STACK)

    Global Symbols

    Symbol Name                              Value     Ov Type        Size  Object(Section)

    BuildAttributes$$THM_ISAv3M$S$PE$A:L22$X:L11$S22$IEEE1$IW$USESV6$~STKCKD$USESV7$~SHL$OSPACE$ROPI$EBA8$MICROLIB$REQ8$PRES8$EABIv2 0x00000000   Number         0  anon$$obj.o ABSOLUTE
    __ARM_use_no_argv                        0x00000000   Number         0  main.o ABSOLUTE
    _printf_a                                0x00000000   Number         0  stubs.o ABSOLUTE
    _printf_c                                0x00000000   Number         0  stubs.o ABSOLUTE
    _printf_charcount                        0x00000000   Number         0  stubs.o ABSOLUTE
    _printf_d                                0x00000000   Number         0  stubs.o ABSOLUTE
    _printf_e                                0x00000000   Number         0  stubs.o ABSOLUTE
    _printf_f                                0x00000000   Number         0  stubs.o ABSOLUTE
    _printf_flags                            0x00000000   Number         0  stubs.o ABSOLUTE
    _printf_fp_dec                           0x00000000   Number         0  stubs.o ABSOLUTE
    _printf_fp_hex                           0x00000000   Number         0  stubs.o ABSOLUTE
    _printf_g                                0x00000000   Number         0  stubs.o ABSOLUTE
    _printf_i                                0x00000000   Number         0  stubs.o ABSOLUTE
    _printf_int_dec                          0x00000000   Number         0  stubs.o ABSOLUTE
    _printf_l                                0x00000000   Number         0  stubs.o ABSOLUTE
    _printf_lc                               0x00000000   Number         0  stubs.o ABSOLUTE
    _printf_ll                               0x00000000   Number         0  stubs.o ABSOLUTE
    _printf_lld                              0x00000000   Number         0  stubs.o ABSOLUTE
    _printf_lli                              0x00000000   Number         0  stubs.o ABSOLUTE
    _printf_llo                              0x00000000   Number         0  stubs.o ABSOLUTE
    _printf_llu                              0x00000000   Number         0  stubs.o ABSOLUTE
    _printf_llx                              0x00000000   Number         0  stubs.o ABSOLUTE
    _printf_longlong_dec                     0x00000000   Number         0  stubs.o ABSOLUTE
    _printf_longlong_hex                     0x00000000   Number         0  stubs.o ABSOLUTE
    _printf_longlong_oct                     0x00000000   Number         0  stubs.o ABSOLUTE
    _printf_ls                               0x00000000   Number         0  stubs.o ABSOLUTE
    _printf_mbtowc                           0x00000000   Number         0  stubs.o ABSOLUTE
    _printf_n                                0x00000000   Number         0  stubs.o ABSOLUTE
    _printf_o                                0x00000000   Number         0  stubs.o ABSOLUTE
    _printf_p                                0x00000000   Number         0  stubs.o ABSOLUTE
    _printf_percent                          0x00000000   Number         0  stubs.o ABSOLUTE
    _printf_pre_padding                      0x00000000   Number         0  stubs.o ABSOLUTE
    _printf_return_value                     0x00000000   Number         0  stubs.o ABSOLUTE
    _printf_s                                0x00000000   Number         0  stubs.o ABSOLUTE
    _printf_sizespec                         0x00000000   Number         0  stubs.o ABSOLUTE
    _printf_str                              0x00000000   Number         0  stubs.o ABSOLUTE
    _printf_truncate_signed                  0x00000000   Number         0  stubs.o ABSOLUTE
    _printf_truncate_unsigned                0x00000000   Number         0  stubs.o ABSOLUTE
    _printf_u                                0x00000000   Number         0  stubs.o ABSOLUTE
    _printf_wc                               0x00000000   Number         0  stubs.o ABSOLUTE
    _printf_wctomb                           0x00000000   Number         0  stubs.o ABSOLUTE
    _printf_widthprec                        0x00000000   Number         0  stubs.o ABSOLUTE
    _printf_x                                0x00000000   Number         0  stubs.o ABSOLUTE
    __cpp_initialize__aeabi_                  - Undefined Weak Reference
    __cxa_finalize                            - Undefined Weak Reference
    __decompress                              - Undefined Weak Reference
    _clock_init                               - Undefined Weak Reference
    _microlib_exit                            - Undefined Weak Reference
    __Vectors_Size                           0x000000c0   Number         0  keil_startup_hk32f030m.o ABSOLUTE
    __Vectors                                0x08000000   Data           4  keil_startup_hk32f030m.o(RESET)
    __Vectors_End                            0x080000c0   Data           0  keil_startup_hk32f030m.o(RESET)
    __main                                   0x080000c1   Thumb Code     0  entry.o(.ARM.Collect$$$$00000000)
    _main_stk                                0x080000c1   Thumb Code     0  entry2.o(.ARM.Collect$$$$00000001)
    _main_scatterload                        0x080000c5   Thumb Code     0  entry5.o(.ARM.Collect$$$$00000004)
    __main_after_scatterload                 0x080000c9   Thumb Code     0  entry5.o(.ARM.Collect$$$$00000004)
    _main_clock                              0x080000c9   Thumb Code     0  entry7b.o(.ARM.Collect$$$$00000008)
    _main_cpp_init                           0x080000c9   Thumb Code     0  entry8b.o(.ARM.Collect$$$$0000000A)
    _main_init                               0x080000c9   Thumb Code     0  entry9a.o(.ARM.Collect$$$$0000000B)
    __rt_final_cpp                           0x080000d1   Thumb Code     0  entry10a.o(.ARM.Collect$$$$0000000D)
    __rt_final_exit                          0x080000d1   Thumb Code     0  entry11a.o(.ARM.Collect$$$$0000000F)
    Reset_Handler                            0x080000d5   Thumb Code     8  keil_startup_hk32f030m.o(.text)
    ADC1_IRQHandler                          0x080000e7   Thumb Code     0  keil_startup_hk32f030m.o(.text)
    EXTI0_IRQHandler                         0x080000e7   Thumb Code     0  keil_startup_hk32f030m.o(.text)
    EXTI11_IRQHandler                        0x080000e7   Thumb Code     0  keil_startup_hk32f030m.o(.text)
    EXTI1_IRQHandler                         0x080000e7   Thumb Code     0  keil_startup_hk32f030m.o(.text)
    EXTI2_IRQHandler                         0x080000e7   Thumb Code     0  keil_startup_hk32f030m.o(.text)
    EXTI3_IRQHandler                         0x080000e7   Thumb Code     0  keil_startup_hk32f030m.o(.text)
    EXTI4_IRQHandler                         0x080000e7   Thumb Code     0  keil_startup_hk32f030m.o(.text)
    EXTI5_IRQHandler                         0x080000e7   Thumb Code     0  keil_startup_hk32f030m.o(.text)
    EXTI6_IRQHandler                         0x080000e7   Thumb Code     0  keil_startup_hk32f030m.o(.text)
    EXTI7_IRQHandler                         0x080000e7   Thumb Code     0  keil_startup_hk32f030m.o(.text)
    FLASH_IRQHandler                         0x080000e7   Thumb Code     0  keil_startup_hk32f030m.o(.text)
    RCC_IRQHandler                           0x080000e7   Thumb Code     0  keil_startup_hk32f030m.o(.text)
    SPI1_IRQHandler                          0x080000e7   Thumb Code     0  keil_startup_hk32f030m.o(.text)
    TIM1_BRK_IRQHandler                      0x080000e7   Thumb Code     0  keil_startup_hk32f030m.o(.text)
    TIM1_CC_IRQHandler                       0x080000e7   Thumb Code     0  keil_startup_hk32f030m.o(.text)
    TIM1_UP_TRG_COM_IRQHandler               0x080000e7   Thumb Code     0  keil_startup_hk32f030m.o(.text)
    TIM2_IRQHandler                          0x080000e7   Thumb Code     0  keil_startup_hk32f030m.o(.text)
    TIM6_IRQHandler                          0x080000e7   Thumb Code     0  keil_startup_hk32f030m.o(.text)
    WWDG_IRQHandler                          0x080000e7   Thumb Code     0  keil_startup_hk32f030m.o(.text)
    __aeabi_uidiv                            0x080000f1   Thumb Code     0  uidiv.o(.text)
    __aeabi_uidivmod                         0x080000f1   Thumb Code    44  uidiv.o(.text)
    __aeabi_uread4                           0x0800011d   Thumb Code    20  uread4.o(.text)
    __rt_uread4                              0x0800011d   Thumb Code     0  uread4.o(.text)
    _uread4                                  0x0800011d   Thumb Code     0  uread4.o(.text)
    __aeabi_uwrite4                          0x08000131   Thumb Code    18  uwrite4.o(.text)
    __rt_uwrite4                             0x08000131   Thumb Code     0  uwrite4.o(.text)
    _uwrite4                                 0x08000131   Thumb Code     0  uwrite4.o(.text)
    __aeabi_uldivmod                         0x08000143   Thumb Code    96  uldiv.o(.text)
    __scatterload                            0x080001a5   Thumb Code    28  init.o(.text)
    __scatterload_rt2                        0x080001a5   Thumb Code     0  init.o(.text)
    __aeabi_llsl                             0x080001c9   Thumb Code    32  llshl.o(.text)
    _ll_shift_l                              0x080001c9   Thumb Code     0  llshl.o(.text)
    __aeabi_llsr                             0x080001e9   Thumb Code    34  llushr.o(.text)
    _ll_ushift_r                             0x080001e9   Thumb Code     0  llushr.o(.text)
    GPIO_Init                                0x0800020b   Thumb Code   166  hk32f030m_gpio.o(i.GPIO_Init)
    GPIO_PinAFConfig                         0x080002b1   Thumb Code    68  hk32f030m_gpio.o(i.GPIO_PinAFConfig)
    HKIIC_Init                               0x080002f5   Thumb Code   136  iic.o(i.HKIIC_Init)
    HKUsart_Init                             0x08000389   Thumb Code   154  usart.o(i.HKUsart_Init)
    HardFault_Handler                        0x08000431   Thumb Code     4  hk32f030m_it.o(i.HardFault_Handler)
    I2C1_IRQHandler                          0x08000435   Thumb Code   624  hk32f030m_it.o(i.I2C1_IRQHandler)
    I2C_ClearFlag                            0x080006d1   Thumb Code     4  hk32f030m_i2c.o(i.I2C_ClearFlag)
    I2C_Cmd                                  0x080006d5   Thumb Code    24  hk32f030m_i2c.o(i.I2C_Cmd)
    I2C_ITConfig                             0x080006ed   Thumb Code    20  hk32f030m_i2c.o(i.I2C_ITConfig)
    I2C_Init                                 0x08000701   Thumb Code    98  hk32f030m_i2c.o(i.I2C_Init)
    NMI_Handler                              0x0800076d   Thumb Code     2  hk32f030m_it.o(i.NMI_Handler)
    NVIC_Init                                0x08000771   Thumb Code   106  hk32f030m_misc.o(i.NVIC_Init)
    PendSV_Handler                           0x080007e1   Thumb Code     2  hk32f030m_it.o(i.PendSV_Handler)
    RCC_AHBPeriphClockCmd                    0x080007e5   Thumb Code    28  hk32f030m_rcc.o(i.RCC_AHBPeriphClockCmd)
    RCC_APB1PeriphClockCmd                   0x08000805   Thumb Code    28  hk32f030m_rcc.o(i.RCC_APB1PeriphClockCmd)
    RCC_APB2PeriphClockCmd                   0x08000825   Thumb Code    28  hk32f030m_rcc.o(i.RCC_APB2PeriphClockCmd)
    RCC_GetClocksFreq                        0x08000845   Thumb Code   272  hk32f030m_rcc.o(i.RCC_GetClocksFreq)
    SVC_Handler                              0x08000971   Thumb Code     2  hk32f030m_it.o(i.SVC_Handler)
    SysTick_Handler                          0x08000ab1   Thumb Code     2  hk32f030m_it.o(i.SysTick_Handler)
    SystemInit                               0x08000ab5   Thumb Code    54  system_hk32f030m.o(i.SystemInit)
    USART1_IRQHandler                        0x08000af9   Thumb Code    56  usart.o(i.USART1_IRQHandler)
    USART_ClearITPendingBit                  0x08000b39   Thumb Code    18  hk32f030m_usart.o(i.USART_ClearITPendingBit)
    USART_Cmd                                0x08000b4b   Thumb Code    24  hk32f030m_usart.o(i.USART_Cmd)
    USART_GetFlagStatus                      0x08000b63   Thumb Code    20  hk32f030m_usart.o(i.USART_GetFlagStatus)
    USART_GetITStatus                        0x08000b77   Thumb Code    78  hk32f030m_usart.o(i.USART_GetITStatus)
    USART_ITConfig                           0x08000bc5   Thumb Code    66  hk32f030m_usart.o(i.USART_ITConfig)
    USART_Init                               0x08000c09   Thumb Code   204  hk32f030m_usart.o(i.USART_Init)
    USART_ReceiveData                        0x08000ce1   Thumb Code    10  hk32f030m_usart.o(i.USART_ReceiveData)
    USART_SWAPPinCmd                         0x08000ceb   Thumb Code    28  hk32f030m_usart.o(i.USART_SWAPPinCmd)
    USART_SendData                           0x08000d07   Thumb Code     8  hk32f030m_usart.o(i.USART_SendData)
    __0printf$5                              0x08000d11   Thumb Code    24  printf5.o(i.__0printf$5)
    __1printf$5                              0x08000d11   Thumb Code     0  printf5.o(i.__0printf$5)
    __2printf                                0x08000d11   Thumb Code     0  printf5.o(i.__0printf$5)
    __scatterload_copy                       0x08000d31   Thumb Code    14  handlers.o(i.__scatterload_copy)
    __scatterload_null                       0x08000d3f   Thumb Code     2  handlers.o(i.__scatterload_null)
    __scatterload_zeroinit                   0x08000d41   Thumb Code    14  handlers.o(i.__scatterload_zeroinit)
    fputc                                    0x0800102d   Thumb Code    32  usart.o(i.fputc)
    main                                     0x08001051   Thumb Code   118  main.o(i.main)
    AHBPrescTable                            0x080010f4   Data          32  hk32f030m_rcc.o(.constdata)
    APBPrescTable                            0x08001114   Data           8  hk32f030m_rcc.o(.constdata)
    Region$$Table$$Base                      0x0800111c   Number         0  anon$$obj.o(Region$$Table)
    Region$$Table$$Limit                     0x0800113c   Number         0  anon$$obj.o(Region$$Table)
    I2CFirstByteFlag                         0x20000000   Data           1  hk32f030m_it.o(.data)
    I2CAddressOffset                         0x20000001   Data           1  hk32f030m_it.o(.data)
    i2c_regtemp                              0x20000002   Data           1  hk32f030m_it.o(.data)
    I2C_DEVICE_REGADDRESS                    0x20000003   Data           1  hk32f030m_it.o(.data)
    I2C_DEVICE_REGOFFSET                     0x20000004   Data           1  hk32f030m_it.o(.data)
    I2C_REG_SEND_TEST                        0x20000005   Data          10  hk32f030m_it.o(.data)
    receive_data_lens                        0x2000000f   Data           1  hk32f030m_it.o(.data)
    send_data_lens                           0x20000010   Data           1  hk32f030m_it.o(.data)
    __stdout                                 0x20000014   Data           4  stdout.o(.data)
    i2c_dev                                  0x20000018   Data          12  hk32f030m_it.o(.bss)
    I2C_REG_RECEIVE_TEST                     0x20000024   Data          10  hk32f030m_it.o(.bss)
    __initial_sp                             0x20000230   Data           0  keil_startup_hk32f030m.o(STACK)



==============================================================================

Memory Map of the image

  Image Entry point : 0x080000c1

  Load Region LR_IROM1 (Base: 0x08000000, Size: 0x00001154, Max: 0x00004000, ABSOLUTE)

    Execution Region ER_IROM1 (Exec base: 0x08000000, Load base: 0x08000000, Size: 0x0000113c, Max: 0x00004000, ABSOLUTE)

    Exec Addr    Load Addr    Size         Type   Attr      Idx    E Section Name        Object

    0x08000000   0x08000000   0x000000c0   Data   RO            3    RESET               keil_startup_hk32f030m.o
    0x080000c0   0x080000c0   0x00000000   Code   RO         2801  * .ARM.Collect$$$$00000000  mc_p.l(entry.o)
    0x080000c0   0x080000c0   0x00000004   Code   RO         3071    .ARM.Collect$$$$00000001  mc_p.l(entry2.o)
    0x080000c4   0x080000c4   0x00000004   Code   RO         3074    .ARM.Collect$$$$00000004  mc_p.l(entry5.o)
    0x080000c8   0x080000c8   0x00000000   Code   RO         3076    .ARM.Collect$$$$00000008  mc_p.l(entry7b.o)
    0x080000c8   0x080000c8   0x00000000   Code   RO         3078    .ARM.Collect$$$$0000000A  mc_p.l(entry8b.o)
    0x080000c8   0x080000c8   0x00000008   Code   RO         3079    .ARM.Collect$$$$0000000B  mc_p.l(entry9a.o)
    0x080000d0   0x080000d0   0x00000000   Code   RO         3081    .ARM.Collect$$$$0000000D  mc_p.l(entry10a.o)
    0x080000d0   0x080000d0   0x00000000   Code   RO         3083    .ARM.Collect$$$$0000000F  mc_p.l(entry11a.o)
    0x080000d0   0x080000d0   0x00000004   Code   RO         3072    .ARM.Collect$$$$00002712  mc_p.l(entry2.o)
    0x080000d4   0x080000d4   0x0000001c   Code   RO            4    .text               keil_startup_hk32f030m.o
    0x080000f0   0x080000f0   0x0000002c   Code   RO         2804    .text               mc_p.l(uidiv.o)
    0x0800011c   0x0800011c   0x00000014   Code   RO         3067    .text               mc_p.l(uread4.o)
    0x08000130   0x08000130   0x00000012   Code   RO         3069    .text               mc_p.l(uwrite4.o)
    0x08000142   0x08000142   0x00000060   Code   RO         3086    .text               mc_p.l(uldiv.o)
    0x080001a2   0x080001a2   0x00000002   PAD
    0x080001a4   0x080001a4   0x00000024   Code   RO         3099    .text               mc_p.l(init.o)
    0x080001c8   0x080001c8   0x00000020   Code   RO         3101    .text               mc_p.l(llshl.o)
    0x080001e8   0x080001e8   0x00000022   Code   RO         3103    .text               mc_p.l(llushr.o)
    0x0800020a   0x0800020a   0x000000a6   Code   RO          981    i.GPIO_Init         hk32f030m_gpio.o
    0x080002b0   0x080002b0   0x00000044   Code   RO          982    i.GPIO_PinAFConfig  hk32f030m_gpio.o
    0x080002f4   0x080002f4   0x00000094   Code   RO          190    i.HKIIC_Init        iic.o
    0x08000388   0x08000388   0x000000a8   Code   RO          228    i.HKUsart_Init      usart.o
    0x08000430   0x08000430   0x00000004   Code   RO          132    i.HardFault_Handler  hk32f030m_it.o
    0x08000434   0x08000434   0x0000029c   Code   RO          133    i.I2C1_IRQHandler   hk32f030m_it.o
    0x080006d0   0x080006d0   0x00000004   Code   RO         1100    i.I2C_ClearFlag     hk32f030m_i2c.o
    0x080006d4   0x080006d4   0x00000018   Code   RO         1103    i.I2C_Cmd           hk32f030m_i2c.o
    0x080006ec   0x080006ec   0x00000014   Code   RO         1115    i.I2C_ITConfig      hk32f030m_i2c.o
    0x08000700   0x08000700   0x0000006c   Code   RO         1117    i.I2C_Init          hk32f030m_i2c.o
    0x0800076c   0x0800076c   0x00000002   Code   RO          134    i.NMI_Handler       hk32f030m_it.o
    0x0800076e   0x0800076e   0x00000002   PAD
    0x08000770   0x08000770   0x00000070   Code   RO         1411    i.NVIC_Init         hk32f030m_misc.o
    0x080007e0   0x080007e0   0x00000002   Code   RO          135    i.PendSV_Handler    hk32f030m_it.o
    0x080007e2   0x080007e2   0x00000002   PAD
    0x080007e4   0x080007e4   0x00000020   Code   RO         1493    i.RCC_AHBPeriphClockCmd  hk32f030m_rcc.o
    0x08000804   0x08000804   0x00000020   Code   RO         1495    i.RCC_APB1PeriphClockCmd  hk32f030m_rcc.o
    0x08000824   0x08000824   0x00000020   Code   RO         1497    i.RCC_APB2PeriphClockCmd  hk32f030m_rcc.o
    0x08000844   0x08000844   0x0000012c   Code   RO         1505    i.RCC_GetClocksFreq  hk32f030m_rcc.o
    0x08000970   0x08000970   0x00000002   Code   RO          136    i.SVC_Handler       hk32f030m_it.o
    0x08000972   0x08000972   0x00000002   PAD
    0x08000974   0x08000974   0x00000054   Code   RO          281    i.SetSysClock       system_hk32f030m.o
    0x080009c8   0x080009c8   0x000000e8   Code   RO          282    i.SetSysClockToHSI_32M  system_hk32f030m.o
    0x08000ab0   0x08000ab0   0x00000002   Code   RO          137    i.SysTick_Handler   hk32f030m_it.o
    0x08000ab2   0x08000ab2   0x00000002   PAD
    0x08000ab4   0x08000ab4   0x00000044   Code   RO          284    i.SystemInit        system_hk32f030m.o
    0x08000af8   0x08000af8   0x00000040   Code   RO          229    i.USART1_IRQHandler  usart.o
    0x08000b38   0x08000b38   0x00000012   Code   RO         2449    i.USART_ClearITPendingBit  hk32f030m_usart.o
    0x08000b4a   0x08000b4a   0x00000018   Code   RO         2452    i.USART_Cmd         hk32f030m_usart.o
    0x08000b62   0x08000b62   0x00000014   Code   RO         2458    i.USART_GetFlagStatus  hk32f030m_usart.o
    0x08000b76   0x08000b76   0x0000004e   Code   RO         2459    i.USART_GetITStatus  hk32f030m_usart.o
    0x08000bc4   0x08000bc4   0x00000042   Code   RO         2461    i.USART_ITConfig    hk32f030m_usart.o
    0x08000c06   0x08000c06   0x00000002   PAD
    0x08000c08   0x08000c08   0x000000d8   Code   RO         2462    i.USART_Init        hk32f030m_usart.o
    0x08000ce0   0x08000ce0   0x0000000a   Code   RO         2474    i.USART_ReceiveData  hk32f030m_usart.o
    0x08000cea   0x08000cea   0x0000001c   Code   RO         2478    i.USART_SWAPPinCmd  hk32f030m_usart.o
    0x08000d06   0x08000d06   0x00000008   Code   RO         2479    i.USART_SendData    hk32f030m_usart.o
    0x08000d0e   0x08000d0e   0x00000002   PAD
    0x08000d10   0x08000d10   0x00000020   Code   RO         2939    i.__0printf$5       mc_p.l(printf5.o)
    0x08000d30   0x08000d30   0x0000000e   Code   RO         3113    i.__scatterload_copy  mc_p.l(handlers.o)
    0x08000d3e   0x08000d3e   0x00000002   Code   RO         3114    i.__scatterload_null  mc_p.l(handlers.o)
    0x08000d40   0x08000d40   0x0000000e   Code   RO         3115    i.__scatterload_zeroinit  mc_p.l(handlers.o)
    0x08000d4e   0x08000d4e   0x00000002   PAD
    0x08000d50   0x08000d50   0x000002dc   Code   RO         2946    i._printf_core      mc_p.l(printf5.o)
    0x0800102c   0x0800102c   0x00000024   Code   RO          231    i.fputc             usart.o
    0x08001050   0x08001050   0x000000a4   Code   RO           13    i.main              main.o
    0x080010f4   0x080010f4   0x00000028   Data   RO         1519    .constdata          hk32f030m_rcc.o
    0x0800111c   0x0800111c   0x00000020   Data   RO         3111    Region$$Table       anon$$obj.o


    Execution Region RW_IRAM1 (Exec base: 0x20000000, Load base: 0x0800113c, Size: 0x00000230, Max: 0x00000800, ABSOLUTE)

    Exec Addr    Load Addr    Size         Type   Attr      Idx    E Section Name        Object

    0x20000000   0x0800113c   0x00000011   Data   RW          139    .data               hk32f030m_it.o
    0x20000011   0x0800114d   0x00000003   PAD
    0x20000014   0x08001150   0x00000004   Data   RW         3085    .data               mc_p.l(stdout.o)
    0x20000018        -       0x00000016   Zero   RW          138    .bss                hk32f030m_it.o
    0x2000002e   0x08001154   0x00000002   PAD
    0x20000030        -       0x00000200   Zero   RW            1    STACK               keil_startup_hk32f030m.o


==============================================================================

Image component sizes


      Code (inc. data)   RO Data    RW Data    ZI Data      Debug   Object Name

       234          0          0          0          0       2355   hk32f030m_gpio.o
       156         10          0          0          0       3708   hk32f030m_i2c.o
       680         44          0         17         22       5719   hk32f030m_it.o
       112          6          0          0          0       1276   hk32f030m_misc.o
       396         40         40          0          0       4296   hk32f030m_rcc.o
       468         12          0          0          0       8246   hk32f030m_usart.o
       148         12          0          0          0        753   iic.o
        28          8        192          0        512        848   keil_startup_hk32f030m.o
       164         46          0          0          0     179815   main.o
       384         40          0          0          0       3109   system_hk32f030m.o
       268         26          0          0          0       2027   usart.o

    ----------------------------------------------------------------------
      3050        244        264         20        536     212152   Object Totals
         0          0         32          0          0          0   (incl. Generated)
        12          0          0          3          2          0   (incl. Padding)

    ----------------------------------------------------------------------

      Code (inc. data)   RO Data    RW Data    ZI Data      Debug   Library Member Name

         0          0          0          0          0          0   entry.o
         0          0          0          0          0          0   entry10a.o
         0          0          0          0          0          0   entry11a.o
         8          4          0          0          0          0   entry2.o
         4          0          0          0          0          0   entry5.o
         0          0          0          0          0          0   entry7b.o
         0          0          0          0          0          0   entry8b.o
         8          4          0          0          0          0   entry9a.o
        30          0          0          0          0          0   handlers.o
        36          8          0          0          0         68   init.o
        32          0          0          0          0         68   llshl.o
        34          0          0          0          0         68   llushr.o
       764         52          0          0          0        168   printf5.o
         0          0          0          4          0          0   stdout.o
        44          0          0          0          0         72   uidiv.o
        96          0          0          0          0         84   uldiv.o
        20          0          0          0          0         60   uread4.o
        18          0          0          0          0         60   uwrite4.o

    ----------------------------------------------------------------------
      1098         68          0          4          0        648   Library Totals
         4          0          0          0          0          0   (incl. Padding)

    ----------------------------------------------------------------------

      Code (inc. data)   RO Data    RW Data    ZI Data      Debug   Library Name

      1094         68          0          4          0        648   mc_p.l

    ----------------------------------------------------------------------
      1098         68          0          4          0        648   Library Totals

    ----------------------------------------------------------------------

==============================================================================


      Code (inc. data)   RO Data    RW Data    ZI Data      Debug   

      4148        312        264         24        536     211324   Grand Totals
      4148        312        264         24        536     211324   ELF Image Totals
      4148        312        264         24          0          0   ROM Totals

==============================================================================

    Total RO  Size (Code + RO Data)                 4412 (   4.31kB)
    Total RW  Size (RW Data + ZI Data)               560 (   0.55kB)
    Total ROM Size (Code + RO Data + RW Data)       4436 (   4.33kB)

==============================================================================

