<html>
<body>
<pre>
<h1>礦ision Build Log</h1>
<h2>Tool Versions:</h2>
IDE-Version: μVision V5.29.0.0
Copyright (C) 2019 ARM Ltd and ARM Germany GmbH. All rights reserved.
License Information: T T, T, LIC=ATTQ1-CX9SF-QDXKD-8AD5Q-GM93I-RW955
 
Tool Versions:
Toolchain:       MDK-ARM Plus  Version: 5.29.0.0
Toolchain Path:  C:\Keil_v5\ARM\ARMCC\Bin
C Compiler:      Armcc.exe V5.06 update 6 (build 750)
Assembler:       Armasm.exe V5.06 update 6 (build 750)
Linker/Locator:  ArmLink.exe V5.06 update 6 (build 750)
Library Manager: ArmAr.exe V5.06 update 6 (build 750)
Hex Converter:   FromElf.exe V5.06 update 6 (build 750)
CPU DLL:         SARMCM3.DLL V5.29.0.0
Dialog DLL:      DARMCM1.DLL V1.19.2.0
Target DLL:      Segger\JL2CM3.dll V2.99.36.0
Dialog DLL:      TARMCM1.DLL V1.14.1.0
 
<h2>Project:</h2>
C:\Users\T\Desktop\HK32F030Mxx系列MCU开发资料（2021-12-17更新）\3、片外设库、工程模板、参考例程\参考例程\HK32F030Mxx_ExampleV1.0.15\project\20_I2Cslave\HK32F030M_Project\MDK-ARM\HK32F030M_Demo.uvprojx
Project File Date:  12/17/2021

<h2>Output:</h2>
*** Using Compiler 'V5.06 update 6 (build 750)', folder: 'C:\Keil_v5\ARM\ARMCC\Bin'
Build target 'HK32F030M_Demo'
assembling KEIL_Startup_hk32f030m.s...
compiling usart.c...
compiling main.c...
..\src\main.c(29): warning:  #177-D: variable "EEPROMAddr"  was declared but never referenced
  	uint8_t EEPROMAddr = 0xA0;
..\src\main.c(32): warning:  #177-D: variable "receivebuf"  was declared but never referenced
  	uint8_t receivebuf[10]={0};
..\src\main.c: 2 warnings, 0 errors
compiling hk32f030m_adc.c...
compiling system_hk32f030m.c...
compiling hk32f030m_it.c...
compiling iic.c...
compiling hk32f030m_awu.c...
compiling hk32f030m_crc.c...
compiling hk32f030m_beep.c...
compiling hk32f030m_dbgmcu.c...
compiling hk32f030m_exti.c...
compiling hk32f030m_i2c.c...
compiling hk32f030m_gpio.c...
compiling hk32f030m_flash.c...
compiling hk32f030m_misc.c...
compiling hk32f030m_iwdg.c...
compiling hk32f030m_pwr.c...
compiling hk32f030m_syscfg.c...
compiling hk32f030m_rcc.c...
compiling hk32f030m_spi.c...
compiling hk32f030m_tim.c...
compiling hk32f030m_wwdg.c...
compiling hk32f030m_usart.c...
linking...
Program Size: Code=4148 RO-data=264 RW-data=24 ZI-data=536  
FromELF: creating hex file...
".\Objects\HK32F030M_Demo.axf" - 0 Error(s), 2 Warning(s).

<h2>Software Packages used:</h2>

Package Vendor: HKMicroChip
                http://www.hsxp-hk.com/companyfile/2/HKMicroChip.HK32F030Mxx_DFP.1.0.6.pack
                HKMicroChip.HK32F030Mxx_DFP.1.0.6
                HKMicroChip HK32F030M ARM Cortex-M0 Device Family Pack Device Support

<h2>Collection of Component include folders:</h2>
  .\RTE\_HK32F030M_Demo

<h2>Collection of Component Files used:</h2>
Build Time Elapsed:  00:00:05
</pre>
</body>
</html>
